 PSINS

 Timestamp is 6590d335 (Sun Dec 31 10:34:29 2023)

 Preferred load address is 00400000

 Start         Length     Name                   Class
 0001:00000000 0005a8f8H .text                   CODE
 0001:0005a900 00000723H .text$x                 CODE
 0002:00000000 00002778H .rdata                  DATA
 0002:00002778 0000017cH .rdata$r                DATA
 0002:000028f8 00000958H .xdata$x                DATA
 0002:00003250 00000699H .edata                  DATA
 0003:00000000 00000004H .CRT$XCA                DATA
 0003:00000004 00000024H .CRT$XCU                DATA
 0003:00000028 00000004H .CRT$XCZ                DATA
 0003:0000002c 00000004H .CRT$XIA                DATA
 0003:00000030 00000010H .CRT$XIC                DATA
 0003:00000040 00000004H .CRT$XIY                DATA
 0003:00000044 00000004H .CRT$XIZ                DATA
 0003:00000048 00000004H .CRT$XPA                DATA
 0003:0000004c 00000004H .CRT$XPX                DATA
 0003:00000050 00000004H .CRT$XPZ                DATA
 0003:00000054 00000004H .CRT$XTA                DATA
 0003:00000058 00000004H .CRT$XTB                DATA
 0003:0000005c 00000004H .CRT$XTZ                DATA
 0003:00000060 00003944H .data                   DATA
 0003:000039b0 00002079H .bss                    DATA
 0004:00000000 0000003cH .idata$2                DATA
 0004:0000003c 00000014H .idata$3                DATA
 0004:00000050 000001b0H .idata$4                DATA
 0004:00000200 000001b0H .idata$5                DATA
 0004:000003b0 00000782H .idata$6                DATA

  Address         Publics by Value              Rva+Base     Lib:Object

 0001:00000000       ??0CKFApp@@QAE@N@Z         00401000 f   KFApp.obj
 0001:00000060       ?Init@CKFApp@@UAEXABVCSINS@@H@Z 00401060 f   KFApp.obj
 0001:000004a0       ?RTOutput@CSINSTDKF@@UAEXXZ 004014a0 f i KFApp.obj
 0001:000004d0       ?Miscellanous@CSINSTDKF@@UAEXXZ 004014d0 f i KFApp.obj
 0001:00000500       ?SecretAttitude@CSINSTDKF@@UAEXXZ 00401500 f i KFApp.obj
 0001:00000530       ?SetMeas@CSINSGNSS@@UAEXXZ 00401530 f i KFApp.obj
 0001:00000560       _main                      00401560 f   Main_SinsGps.obj
 0001:000009f0       ??1CFileRdSr@@QAE@XZ       004019f0 f i Main_SinsGps.obj
 0001:00000a30       ??0CFileRdSr@@QAE@PBD@Z    00401a30 f i Main_SinsGps.obj
 0001:00000af0       ?load@CFileRdSr@@QAEHH@Z   00401af0 f i Main_SinsGps.obj
 0001:00000b40       ??0DataSensor@@QAE@XZ      00401b40 f i Main_SinsGps.obj
 0001:00001130       ??0CGLV@@QAE@NNNN@Z        00402130 f   PSINS.obj
 0001:00001430       ?toc@CGLV@@QAEHH@Z         00402430 f   PSINS.obj
 0001:000014a0       ??1CGLV@@QAE@XZ            004024a0 f   PSINS.obj
 0001:000014e0       ??0CVect3@@QAE@XZ          004024e0 f   PSINS.obj
 0001:00001510       ??0CVect3@@QAE@N@Z         00402510 f   PSINS.obj
 0001:00001570       ??0CVect3@@QAE@NNN@Z       00402570 f   PSINS.obj
 0001:000015d0       ??0CVect3@@QAE@PBN@Z       004025d0 f   PSINS.obj
 0001:00001640       ??0CVect3@@QAE@PBM@Z       00402640 f   PSINS.obj
 0001:000016a0       ?IsZero@@YAHABVCVect3@@N@Z 004026a0 f   PSINS.obj
 0001:00001740       ?IsZeroXY@@YAHABVCVect3@@N@Z 00402740 f   PSINS.obj
 0001:000017c0       ?IsNaN@@YAHABVCVect3@@@Z   004027c0 f   PSINS.obj
 0001:000017f0       ??HCVect3@@QBE?AV0@ABV0@@Z 004027f0 f   PSINS.obj
 0001:00001870       ??GCVect3@@QBE?AV0@ABV0@@Z 00402870 f   PSINS.obj
 0001:000018f0       ??DCVect3@@QBE?AV0@ABV0@@Z 004028f0 f   PSINS.obj
 0001:000019a0       ??DCVect3@@QBE?AV0@N@Z     004029a0 f   PSINS.obj
 0001:00001a20       ??DCVect3@@QBE?AV0@ABVCMat3@@@Z 00402a20 f   PSINS.obj
 0001:00001af0       ??KCVect3@@QBE?AV0@N@Z     00402af0 f   PSINS.obj
 0001:00001b70       ??KCVect3@@QBE?AV0@ABV0@@Z 00402b70 f   PSINS.obj
 0001:00001bf0       ??4CVect3@@QAEAAV0@N@Z     00402bf0 f   PSINS.obj
 0001:00001c50       ??4CVect3@@QAEAAV0@PBN@Z   00402c50 f   PSINS.obj
 0001:00001cc0       ??YCVect3@@QAEAAV0@ABV0@@Z 00402cc0 f   PSINS.obj
 0001:00001d20       ??ZCVect3@@QAEAAV0@ABV0@@Z 00402d20 f   PSINS.obj
 0001:00001d80       ??XCVect3@@QAEAAV0@N@Z     00402d80 f   PSINS.obj
 0001:00001de0       ??_0CVect3@@QAEAAV0@N@Z    00402de0 f   PSINS.obj
 0001:00001e40       ??_0CVect3@@QAEAAV0@ABV0@@Z 00402e40 f   PSINS.obj
 0001:00001ea0       ??D@YA?AVCVect3@@NABV0@@Z  00402ea0 f   PSINS.obj
 0001:00001f10       ??G@YA?AVCVect3@@ABV0@@Z   00402f10 f   PSINS.obj
 0001:00001f80       ??RCVect3@@QAEAANH@Z       00402f80 f   PSINS.obj
 0001:00001fb0       ?crossXY@@YANABVCVect3@@0@Z 00402fb0 f   PSINS.obj
 0001:00001ff0       ?vxv@@YA?AVCMat3@@ABVCVect3@@0@Z 00402ff0 f   PSINS.obj
 0001:000020e0       ?sqrt@@YA?AVCVect3@@ABV1@@Z 004030e0 f   PSINS.obj
 0001:00002160       ?pow@@YA?AVCVect3@@ABV1@H@Z 00403160 f   PSINS.obj
 0001:000021e0       ?abs@@YA?AVCVect3@@ABV1@@Z 004031e0 f   PSINS.obj
 0001:000022d0       ?maxabs@@YA?AVCVect3@@ABV1@0@Z 004032d0 f   PSINS.obj
 0001:000024d0       ?norm@@YANABVCVect3@@@Z    004034d0 f   PSINS.obj
 0001:00002530       ?normlize@@YANPAVCVect3@@@Z 00403530 f   PSINS.obj
 0001:000025a0       ?normInf@@YANABVCVect3@@@Z 004035a0 f   PSINS.obj
 0001:000026e0       ?normXY@@YANABVCVect3@@@Z  004036e0 f   PSINS.obj
 0001:00002730       ?normXYInf@@YANABVCVect3@@@Z 00403730 f   PSINS.obj
 0001:000027f0       ?dot@@YANABVCVect3@@0@Z    004037f0 f   PSINS.obj
 0001:00002840       ?dotmul@@YA?AVCVect3@@ABV1@0@Z 00403840 f   PSINS.obj
 0001:000028c0       ?dotdiv@@YA?AVCVect3@@ABV1@0@Z 004038c0 f   PSINS.obj
 0001:00002940       ?rv2q@@YA?AVCQuat@@ABVCVect3@@@Z 00403940 f   PSINS.obj
 0001:00002a90       ?rv2m@@YA?AVCMat3@@ABVCVect3@@@Z 00403a90 f   PSINS.obj
 0001:00002af0       ?askew@@YA?AVCMat3@@ABVCVect3@@@Z 00403af0 f   PSINS.obj
 0001:00002b90       ?pos2Cen@@YA?AVCMat3@@ABVCVect3@@@Z 00403b90 f   PSINS.obj
 0001:00002c90       ?pp2vn@@YA?AVCVect3@@ABV1@0NPAVCEarth@@@Z 00403c90 f   PSINS.obj
 0001:00002de0       ?pp2att@@YA?AVCVect3@@ABV1@0@Z 00403de0 f   PSINS.obj
 0001:00002e50       ?sinAng@@YANABVCVect3@@00@Z 00403e50 f   PSINS.obj
 0001:00002f40       ?MagYaw@@YANABVCVect3@@0N@Z 00403f40 f   PSINS.obj
 0001:00003030       ?xyz2blh@@YA?AVCVect3@@ABV1@@Z 00404030 f   PSINS.obj
 0001:000031f0       ?blh2xyz@@YA?AVCVect3@@ABV1@@Z 004041f0 f   PSINS.obj
 0001:00003300       ?Vxyz2enu@@YA?AVCVect3@@ABV1@0@Z 00404300 f   PSINS.obj
 0001:00003360       ?v2double@@YA?AVCVect3@@N@Z 00404360 f   PSINS.obj
 0001:00003430       ?v3double@@YA?AVCVect3@@N@Z 00404430 f   PSINS.obj
 0001:00003530       ?v5double@@YAXNAAVCVect3@@0@Z 00404530 f   PSINS.obj
 0001:00003620       ?sort@@YA?AVCVect3@@ABV1@@Z 00404620 f   PSINS.obj
 0001:000036f0       ?median@@YANABN00@Z        004046f0 f   PSINS.obj
 0001:00003750       ?median@@YANABVCVect3@@@Z  00404750 f   PSINS.obj
 0001:00003830       ?dm2r@@YA?AVCVect3@@ABV1@H@Z 00404830 f   PSINS.obj
 0001:00003900       ?v3mmm@@YA?AVCVect3@@ABV1@00PAV1@H0@Z 00404900 f   PSINS.obj
 0001:00003b80       ?fopp@@YA?AVCVect3@@ABV1@00@Z 00404b80 f   PSINS.obj
 0001:00003c80       ?fopp@@YA?AVCVect3@@ABV1@000@Z 00404c80 f   PSINS.obj
 0001:00003dd0       ?tp2att@@YA?AVCVect3@@ABV1@00@Z 00404dd0 f   PSINS.obj
 0001:00003f60       ?attract@@YA?AVCVect3@@ABV1@00@Z 00404f60 f   PSINS.obj
 0001:000040c0       ?ff2muxy@@YA?AVCVect3@@ABV1@0PBD1@Z 004050c0 f   PSINS.obj
 0001:000041d0       ??0CQuat@@QAE@XZ           004051d0 f   PSINS.obj
 0001:00004200       ??0CQuat@@QAE@NABVCVect3@@@Z 00405200 f   PSINS.obj
 0001:00004270       ??0CQuat@@QAE@NNNN@Z       00405270 f   PSINS.obj
 0001:000042e0       ??0CQuat@@QAE@PBN@Z        004052e0 f   PSINS.obj
 0001:00004370       ??HCQuat@@QBE?AV0@ABVCVect3@@@Z 00405370 f   PSINS.obj
 0001:00004400       ??GCQuat@@QBE?AV0@ABVCVect3@@@Z 00405400 f   PSINS.obj
 0001:00004480       ??GCQuat@@QBE?AVCVect3@@ABV0@@Z 00405480 f   PSINS.obj
 0001:000045c0       ??DCQuat@@QBE?AV0@ABV0@@Z  004055c0 f   PSINS.obj
 0001:000046f0       ??XCQuat@@QAEAAV0@ABV0@@Z  004056f0 f   PSINS.obj
 0001:00004740       ??ZCQuat@@QAEAAV0@ABVCVect3@@@Z 00405740 f   PSINS.obj
 0001:000047c0       ??S@YA?AVCQuat@@ABV0@@Z    004057c0 f   PSINS.obj
 0001:00004840       ??DCQuat@@QBE?AVCVect3@@ABV1@@Z 00405840 f   PSINS.obj
 0001:000049d0       ?SetYaw@CQuat@@QAEXN@Z     004059d0 f   PSINS.obj
 0001:00004a50       ?normlize@@YANPAVCQuat@@@Z 00405a50 f   PSINS.obj
 0001:00004b00       ?q2rv@@YA?AVCVect3@@ABVCQuat@@@Z 00405b00 f   PSINS.obj
 0001:00004c30       ?qq2phi@@YA?AVCVect3@@ABVCQuat@@0@Z 00405c30 f   PSINS.obj
 0001:00004ca0       ?addmu@@YA?AVCQuat@@ABV1@ABVCVect3@@@Z 00405ca0 f   PSINS.obj
 0001:00004d00       ?UpDown@@YA?AVCQuat@@ABV1@@Z 00405d00 f   PSINS.obj
 0001:00004d90       ??0CMat3@@QAE@XZ           00405d90 f   PSINS.obj
 0001:00004dc0       ??0CMat3@@QAE@N@Z          00405dc0 f   PSINS.obj
 0001:00004e70       ??0CMat3@@QAE@PBN@Z        00405e70 f   PSINS.obj
 0001:00004f80       ??0CMat3@@QAE@PBM@Z        00405f80 f   PSINS.obj
 0001:00005060       ??0CMat3@@QAE@NNN@Z        00406060 f   PSINS.obj
 0001:00005120       ??0CMat3@@QAE@NNNNNNNNN@Z  00406120 f   PSINS.obj
 0001:000051d0       ??0CMat3@@QAE@ABVCVect3@@00H@Z 004061d0 f   PSINS.obj
 0001:00005350       ?sv2att@@YA?AVCVect3@@ABV1@N0@Z 00406350 f   PSINS.obj
 0001:000054a0       ?dv2att@@YA?AVCVect3@@ABV1@000@Z 004064a0 f   PSINS.obj
 0001:00005730       ?mv2att@@YA?AVCVect3@@HPBV1@0ZZ 00406730 f   PSINS.obj
 0001:00005830       ?vn2att@@YA?AVCVect3@@ABV1@@Z 00406830 f   PSINS.obj
 0001:000058f0       ?atss@@YA?AVCVect3@@AAV1@0@Z 004068f0 f   PSINS.obj
 0001:000059c0       ??G@YA?AVCMat3@@ABV0@@Z    004069c0 f   PSINS.obj
 0001:00005a90       ??S@YA?AVCMat3@@ABV0@@Z    00406a90 f   PSINS.obj
 0001:00005b40       ??DCMat3@@QBE?AV0@ABV0@@Z  00406b40 f   PSINS.obj
 0001:00005d10       ??HCMat3@@QBE?AV0@ABV0@@Z  00406d10 f   PSINS.obj
 0001:00005df0       ??YCMat3@@QAEAAV0@ABV0@@Z  00406df0 f   PSINS.obj
 0001:00005ec0       ??HCMat3@@QBE?AV0@ABVCVect3@@@Z 00406ec0 f   PSINS.obj
 0001:00005f30       ??YCMat3@@QAEAAV0@ABVCVect3@@@Z 00406f30 f   PSINS.obj
 0001:00005f90       ??GCMat3@@QBE?AV0@ABV0@@Z  00406f90 f   PSINS.obj
 0001:00006070       ??DCMat3@@QBE?AV0@N@Z      00407070 f   PSINS.obj
 0001:00006150       ??RCMat3@@QAEAANHH@Z       00407150 f   PSINS.obj
 0001:00006190       ?SetRow@CMat3@@QAEXHABVCVect3@@@Z 00407190 f   PSINS.obj
 0001:00006200       ?SetClm@CMat3@@QAEXHABVCVect3@@@Z 00407200 f   PSINS.obj
 0001:00006270       ?GetRow@CMat3@@QBE?AVCVect3@@H@Z 00407270 f   PSINS.obj
 0001:000062f0       ?GetClm@CMat3@@QBE?AVCVect3@@H@Z 004072f0 f   PSINS.obj
 0001:00006370       ?Rot@@YA?AVCMat3@@ND@Z     00407370 f   PSINS.obj
 0001:000064f0       ?rotz@@YA?AVCVect3@@ABV1@N@Z 004074f0 f   PSINS.obj
 0001:000065a0       ?rcijk@@YA?AVCMat3@@ABV1@H@Z 004075a0 f   PSINS.obj
 0001:00006980       ?symmetry@@YAXAAVCMat3@@@Z 00407980 f   PSINS.obj
 0001:00006a20       ??D@YA?AVCMat3@@NABV0@@Z   00407a20 f   PSINS.obj
 0001:00006af0       ??DCMat3@@QBE?AVCVect3@@ABV1@@Z 00407af0 f   PSINS.obj
 0001:00006bc0       ?dotmul@@YA?AVCMat3@@ABV1@0@Z 00407bc0 f   PSINS.obj
 0001:00006c90       ?det@@YANABVCMat3@@@Z      00407c90 f   PSINS.obj
 0001:00006d20       ?trace@@YANABVCMat3@@@Z    00407d20 f   PSINS.obj
 0001:00006d50       ?pow@@YA?AVCMat3@@ABV1@H@Z 00407d50 f   PSINS.obj
 0001:00006de0       ?a2qua@@YA?AVCQuat@@NNN@Z  00407de0 f   PSINS.obj
 0001:00006f20       ?a2qua@@YA?AVCQuat@@ABVCVect3@@@Z 00407f20 f   PSINS.obj
 0001:00006f90       ?a2mat@@YA?AVCMat3@@ABVCVect3@@@Z 00407f90 f   PSINS.obj
 0001:000070e0       ?ar2mat@@YA?AVCMat3@@ABVCVect3@@@Z 004080e0 f   PSINS.obj
 0001:00007230       ?ar2qua@@YA?AVCQuat@@ABVCVect3@@@Z 00408230 f   PSINS.obj
 0001:00007290       ?m2att@@YA?AVCVect3@@ABVCMat3@@@Z 00408290 f   PSINS.obj
 0001:00007350       ?m2attr@@YA?AVCVect3@@ABVCMat3@@@Z 00408350 f   PSINS.obj
 0001:00007410       ?q2attr@@YA?AVCVect3@@ABVCQuat@@@Z 00408410 f   PSINS.obj
 0001:00007470       ?m2rv@@YA?AVCVect3@@ABVCMat3@@@Z 00408470 f   PSINS.obj
 0001:00007580       ?m2qua@@YA?AVCQuat@@ABVCMat3@@@Z 00408580 f   PSINS.obj
 0001:00007850       ?q2att@@YA?AVCVect3@@ABVCQuat@@@Z 00408850 f   PSINS.obj
 0001:000079c0       ?q2mat@@YA?AVCMat3@@ABVCQuat@@@Z 004089c0 f   PSINS.obj
 0001:00007b20       ?Ka2Cba@@YA?AVCMat3@@ABV1@AAVCVect3@@@Z 00408b20 f   PSINS.obj
 0001:00007c20       ?Cba2Ka@@YA?AVCMat3@@ABV1@ABVCVect3@@@Z 00408c20 f   PSINS.obj
 0001:00007cc0       ?Ka22Kpn@@YAXABVCVect3@@0AAV1@1@Z 00408cc0 f   PSINS.obj
 0001:00007d80       ?Kpn2Ka2@@YAXABVCVect3@@0AAV1@1@Z 00408d80 f   PSINS.obj
 0001:00007e30       ?KgMdf@@YAXAAVCMat3@@PBNH@Z 00408e30 f   PSINS.obj
 0001:000081b0       ?KaMdf@@YAXAAVCMat3@@PBNH@Z 004091b0 f   PSINS.obj
 0001:00008430       ?adj@@YA?AVCMat3@@ABV1@@Z  00409430 f   PSINS.obj
 0001:00008590       ?inv@@YA?AVCMat3@@ABV1@@Z  00409590 f   PSINS.obj
 0001:00008630       ?diag@@YA?AVCVect3@@ABVCMat3@@@Z 00409630 f   PSINS.obj
 0001:00008690       ?diag@@YA?AVCMat3@@ABVCVect3@@@Z 00409690 f   PSINS.obj
 0001:00008720       ?diag@@YA?AVCMat3@@NNN@Z   00409720 f   PSINS.obj
 0001:000087a0       ?askew@@YA?AVCMat3@@ABV1@H@Z 004097a0 f   PSINS.obj
 0001:000088d0       ?MMT@@YA?AVCMat3@@ABV1@0@Z 004098d0 f   PSINS.obj
 0001:00008a60       ?trMMT@@YANABVCMat3@@0@Z   00409a60 f   PSINS.obj
 0001:00008b20       ?norm@@YANABVCMat3@@@Z     00409b20 f   PSINS.obj
 0001:00008b70       ?sfoam@@YA?AVCMat3@@ABV1@H@Z 00409b70 f   PSINS.obj
 0001:00009280       ??0CMat@@QAE@XZ            0040a280 f   PSINS.obj
 0001:000092b0       ??0CMat@@QAE@HH@Z          0040a2b0 f   PSINS.obj
 0001:00009300       ??0CMat@@QAE@HHN@Z         0040a300 f   PSINS.obj
 0001:00009390       ??0CMat@@QAA@HHNNZZ        0040a390 f   PSINS.obj
 0001:00009440       ??0CMat@@QAE@HHPBN@Z       0040a440 f   PSINS.obj
 0001:000094c0       ??0CMat@@QAA@HPBVCVect@@ZZ 0040a4c0 f   PSINS.obj
 0001:00009560       ?Reset@CMat@@QAEXHH@Z      0040a560 f   PSINS.obj
 0001:000095b0       ?Clear@CMat@@QAEXXZ        0040a5b0 f   PSINS.obj
 0001:00009620       ??DCMat@@QBE?AV0@ABV0@@Z   0040a620 f   PSINS.obj
 0001:00009810       ??DCMat@@QBE?AV0@ABVCMat3@@@Z 0040a810 f   PSINS.obj
 0001:000098a0       ??DCMat@@QBE?AVCVect@@ABV1@@Z 0040a8a0 f   PSINS.obj
 0001:000099f0       ??HCMat@@QBE?AV0@ABV0@@Z   0040a9f0 f   PSINS.obj
 0001:00009af0       ??YCMat@@QAEAAV0@ABVCVect@@@Z 0040aaf0 f   PSINS.obj
 0001:00009b80       ??GCMat@@QBE?AV0@ABV0@@Z   0040ab80 f   PSINS.obj
 0001:00009c80       ??DCMat@@QBE?AV0@N@Z       0040ac80 f   PSINS.obj
 0001:00009d60       ??4CMat@@QAEAAV0@N@Z       0040ad60 f   PSINS.obj
 0001:00009dd0       ??YCMat@@QAEAAV0@ABV0@@Z   0040add0 f   PSINS.obj
 0001:00009e50       ??ZCMat@@QAEAAV0@ABV0@@Z   0040ae50 f   PSINS.obj
 0001:00009ed0       ??XCMat@@QAEAAV0@N@Z       0040aed0 f   PSINS.obj
 0001:00009f40       ??ECMat@@QAEAAV0@XZ        0040af40 f   PSINS.obj
 0001:00009fc0       ??S@YA?AVCMat@@ABV0@@Z     0040afc0 f   PSINS.obj
 0001:0000a0c0       ?symmetry@@YAXAAVCMat@@@Z  0040b0c0 f   PSINS.obj
 0001:0000a1b0       ?trace@@YANABVCMat@@@Z     0040b1b0 f   PSINS.obj
 0001:0000a230       ?dotmul@@YA?AVCMat@@ABV1@0@Z 0040b230 f   PSINS.obj
 0001:0000a320       ??RCMat@@QAEAANHH@Z        0040b320 f   PSINS.obj
 0001:0000a370       ?SetRow@CMat@@QAAXHNZZ     0040b370 f   PSINS.obj
 0001:0000a400       ?SetRow@CMat@@QAEXHABVCVect@@@Z 0040b400 f   PSINS.obj
 0001:0000a480       ?SetClm@CMat@@QAAXHNZZ     0040b480 f   PSINS.obj
 0001:0000a510       ?SetClm@CMat@@QAEXHABVCVect@@@Z 0040b510 f   PSINS.obj
 0001:0000a590       ?SetClmVect3@CMat@@QAEXHHABVCVect3@@@Z 0040b590 f   PSINS.obj
 0001:0000a620       ?SetClmVect3@CMat@@QAEXHHABVCVect3@@0@Z 0040b620 f   PSINS.obj
 0001:0000a6f0       ?SetClmVect3@CMat@@QAEXHHABVCVect3@@00@Z 0040b6f0 f   PSINS.obj
 0001:0000a7f0       ?SetRowVect3@CMat@@QAEXHHABVCVect3@@@Z 0040b7f0 f   PSINS.obj
 0001:0000a840       ?SetRowVect3@CMat@@QAEXHHABVCVect3@@0@Z 0040b840 f   PSINS.obj
 0001:0000a8a0       ?SetRowVect3@CMat@@QAEXHHABVCVect3@@00@Z 0040b8a0 f   PSINS.obj
 0001:0000a920       ?GetRowVect3@CMat@@QBE?AVCVect3@@HH@Z 0040b920 f   PSINS.obj
 0001:0000a970       ?GetClmVect3@CMat@@QBE?AVCVect3@@HH@Z 0040b970 f   PSINS.obj
 0001:0000aa20       ?SetDiagVect3@CMat@@QAEXHHABVCVect3@@@Z 0040ba20 f   PSINS.obj
 0001:0000aab0       ?GetDiagVect3@CMat@@QBE?AVCVect3@@HH@Z 0040bab0 f   PSINS.obj
 0001:0000ab70       ?SetAskew@CMat@@QAEXHHABVCVect3@@@Z 0040bb70 f   PSINS.obj
 0001:0000ac60       ?SetMat3@CMat@@QAEXHHABVCMat3@@@Z 0040bc60 f   PSINS.obj
 0001:0000acf0       ?SetMat3@CMat@@QAEXHHABVCMat3@@0@Z 0040bcf0 f   PSINS.obj
 0001:0000adb0       ?SetMat3@CMat@@QAEXHHABVCMat3@@00@Z 0040bdb0 f   PSINS.obj
 0001:0000aeb0       ?GetMat3@CMat@@QBE?AVCMat3@@HH@Z 0040beb0 f   PSINS.obj
 0001:0000af70       ?SubAddMat3@CMat@@QAEXHHABVCMat3@@@Z 0040bf70 f   PSINS.obj
 0001:0000b000       ?GetRow@CMat@@QBE?AVCVect@@H@Z 0040c000 f   PSINS.obj
 0001:0000b0e0       ?GetRow@CMat@@QAEXAAVCVect@@H@Z 0040c0e0 f   PSINS.obj
 0001:0000b190       ?GetClm@CMat@@QBE?AVCVect@@H@Z 0040c190 f   PSINS.obj
 0001:0000b270       ?GetClm@CMat@@QBA?AV1@HHZZ 0040c270 f   PSINS.obj
 0001:0000b3f0       ?GetClm@CMat@@QAEXAAVCVect@@H@Z 0040c3f0 f   PSINS.obj
 0001:0000b490       ?ZeroRow@CMat@@QAEXH@Z     0040c490 f   PSINS.obj
 0001:0000b500       ?ZeroClm@CMat@@QAEXH@Z     0040c500 f   PSINS.obj
 0001:0000b570       ?SetDiag@CMat@@QAAXNZZ     0040c570 f   PSINS.obj
 0001:0000b650       ?SetDiag2@CMat@@QAAXNZZ    0040c650 f   PSINS.obj
 0001:0000b730       ?SetAscend@CMat@@QAEXNN@Z  0040c730 f   PSINS.obj
 0001:0000b7a0       ?norm1@@YANABVCMat@@@Z     0040c7a0 f   PSINS.obj
 0001:0000b7e0       ?normInf@@YANABVCMat@@@Z   0040c7e0 f   PSINS.obj
 0001:0000b820       ?diag@@YA?AVCVect@@ABVCMat@@@Z 0040c820 f   PSINS.obj
 0001:0000b900       ?eye@@YA?AVCMat@@H@Z       0040c900 f   PSINS.obj
 0001:0000b9c0       ?inv4@@YA?AVCMat@@ABV1@@Z  0040c9c0 f   PSINS.obj
 0001:0000bca0       ?inv6@@YA?AVCMat@@ABV1@@Z  0040cca0 f   PSINS.obj
 0001:0000bf50       ?lss@@YA?AVCVect@@ABVCMat@@ABV1@@Z 0040cf50 f   PSINS.obj
 0001:0000c090       ?RowMul@@YAXAAVCMat@@ABV1@1HH@Z 0040d090 f   PSINS.obj
 0001:0000c1b0       ?RowMulT@@YAXAAVCMat@@ABV1@1HH@Z 0040d1b0 f   PSINS.obj
 0001:0000c2d0       ?diag@@YA?AVCMat@@ABVCVect@@@Z 0040d2d0 f   PSINS.obj
 0001:0000c3e0       ?DVMDVafa@@YAXABVCVect@@AAVCMat@@N@Z 0040d3e0 f   PSINS.obj
 0001:0000c4d0       ??0CVect@@QAE@XZ           0040d4d0 f   PSINS.obj
 0001:0000c500       ??0CVect@@QAE@HH@Z         0040d500 f   PSINS.obj
 0001:0000c570       ??0CVect@@QAE@HN@Z         0040d570 f   PSINS.obj
 0001:0000c5f0       ??0CVect@@QAE@HPBN@Z       0040d5f0 f   PSINS.obj
 0001:0000c670       ??0CVect@@QAA@HNNZZ        0040d670 f   PSINS.obj
 0001:0000c750       ??0CVect@@QAE@ABVCVect3@@@Z 0040d750 f   PSINS.obj
 0001:0000c7e0       ??0CVect@@QAE@ABVCVect3@@V1@@Z 0040d7e0 f   PSINS.obj
 0001:0000c890       ?Clear@CVect@@QAEXXZ       0040d890 f   PSINS.obj
 0001:0000c8f0       ?Reset@CVect@@QAEXHH@Z     0040d8f0 f   PSINS.obj
 0001:0000c960       ??G@YA?AVCVect@@ABV0@@Z    0040d960 f   PSINS.obj
 0001:0000ca00       ??S@YA?AVCVect@@ABV0@@Z    0040da00 f   PSINS.obj
 0001:0000ca60       ??DCVect@@QBE?AV0@ABVCMat@@@Z 0040da60 f   PSINS.obj
 0001:0000cbc0       ??DCVect@@QBE?AVCMat@@ABV0@@Z 0040dbc0 f   PSINS.obj
 0001:0000cd80       ??HCVect@@QBE?AV0@ABV0@@Z  0040dd80 f   PSINS.obj
 0001:0000ce60       ??GCVect@@QBE?AV0@ABV0@@Z  0040de60 f   PSINS.obj
 0001:0000cf40       ??DCVect@@QBE?AV0@N@Z      0040df40 f   PSINS.obj
 0001:0000d020       ??4CVect@@QAEAAV0@N@Z      0040e020 f   PSINS.obj
 0001:0000d090       ??4CVect@@QAEAAV0@PBN@Z    0040e090 f   PSINS.obj
 0001:0000d100       ??4CVect@@QAEAAV0@ABVCMat3@@@Z 0040e100 f   PSINS.obj
 0001:0000d170       ??YCVect@@QAEAAV0@ABV0@@Z  0040e170 f   PSINS.obj
 0001:0000d1f0       ??ZCVect@@QAEAAV0@ABV0@@Z  0040e1f0 f   PSINS.obj
 0001:0000d270       ??XCVect@@QAEAAV0@N@Z      0040e270 f   PSINS.obj
 0001:0000d2e0       ?dot@@YANABVCVect@@0@Z     0040e2e0 f   PSINS.obj
 0001:0000d360       ?dotmul@@YA?AVCVect@@ABV1@0@Z 0040e360 f   PSINS.obj
 0001:0000d450       ?pow@@YA?AVCVect@@ABV1@H@Z 0040e450 f   PSINS.obj
 0001:0000d540       ?abs@@YA?AVCVect@@ABV1@@Z  0040e540 f   PSINS.obj
 0001:0000d650       ?norm@@YANABVCVect@@@Z     0040e650 f   PSINS.obj
 0001:0000d690       ?norm1@@YANABVCVect@@@Z    0040e690 f   PSINS.obj
 0001:0000d6d0       ?normInf@@YANABVCVect@@@Z  0040e6d0 f   PSINS.obj
 0001:0000d710       ??RCVect@@QAEAANH@Z        0040e710 f   PSINS.obj
 0001:0000d740       ?Set@CVect@@QAAXNZZ        0040e740 f   PSINS.obj
 0001:0000d7d0       ?Set2@CVect@@QAAXNZZ       0040e7d0 f   PSINS.obj
 0001:0000d860       ?SetVect3@CVect@@QAEXHABVCVect3@@@Z 0040e860 f   PSINS.obj
 0001:0000d8a0       ?Set2Vect3@CVect@@QAEXHABVCVect3@@@Z 0040e8a0 f   PSINS.obj
 0001:0000d920       ?SetAscend@CVect@@QAEXNN@Z 0040e920 f   PSINS.obj
 0001:0000d990       ?SetBit@CVect@@QAEXIN@Z    0040e990 f   PSINS.obj
 0001:0000da00       ?SetBit@CVect@@QAEXIABVCVect3@@@Z 0040ea00 f   PSINS.obj
 0001:0000da90       ?Seti2j@CVect@@QAEXHHN@Z   0040ea90 f   PSINS.obj
 0001:0000db10       ?GetVect3@CVect@@QBE?AVCVect3@@H@Z 0040eb10 f   PSINS.obj
 0001:0000db50       ?mean@@YANABVCVect@@@Z     0040eb50 f   PSINS.obj
 0001:0000dbc0       ?sort@@YA?AVCVect@@ABV1@@Z 0040ebc0 f   PSINS.obj
 0001:0000dce0       ??0CPolyfit@@QAE@XZ        0040ece0 f   PSINS.obj
 0001:0000dd10       ?Init@CPolyfit@@UAEXNHN@Z  0040ed10 f   PSINS.obj
 0001:0000de50       ?SetP@CPolyfit@@QAAXNZZ    0040ee50 f   PSINS.obj
 0001:0000ded0       ?SetUD@CPolyfit@@QAAXNZZ   0040eed0 f   PSINS.obj
 0001:0000dfc0       ?SetHk@CPolyfit@@QAAXNZZ   0040efc0 f   PSINS.obj
 0001:0000e040       ?UpdateP@CPolyfit@@QAEXN@Z 0040f040 f   PSINS.obj
 0001:0000e2c0       ?Update@CPolyfit@@QAEXNN@Z 0040f2c0 f   PSINS.obj
 0001:0000e3e0       ?eval@CPolyfit@@QAENN@Z    0040f3e0 f   PSINS.obj
 0001:0000e4b0       ??0CPolyfit3@@QAE@XZ       0040f4b0 f   PSINS.obj
 0001:0000e510       ??_H@YGXPAXIHP6EX0@Z@Z     0040f510 f i PSINS.obj
 0001:0000e570       ?Init@CPolyfit3@@UAEXNHN@Z 0040f570 f   PSINS.obj
 0001:0000e600       ?Update@CPolyfit3@@QAEXABVCVect3@@N@Z 0040f600 f   PSINS.obj
 0001:0000e760       ?eval@CPolyfit3@@QAE?AVCVect3@@N@Z 0040f760 f   PSINS.obj
 0001:0000e880       ??0CIIR@@QAE@XZ            0040f880 f   PSINS.obj
 0001:0000e8b0       ??0CIIR@@QAE@PAN0H@Z       0040f8b0 f   PSINS.obj
 0001:0000e970       ?Update@CIIR@@QAENN@Z      0040f970 f   PSINS.obj
 0001:0000ea80       ??0CIIRV3@@QAE@XZ          0040fa80 f   PSINS.obj
 0001:0000eaf0       ??0CIIRV3@@QAE@PAN0H00H00H@Z 0040faf0 f   PSINS.obj
 0001:0000ec10       ?Update@CIIRV3@@QAE?AVCVect3@@ABV2@@Z 0040fc10 f   PSINS.obj
 0001:0000ecd0       ??0CRAvar@@QAE@XZ          0040fcd0 f   PSINS.obj
 0001:0000ed00       ??0CRAvar@@QAE@HH@Z        0040fd00 f   PSINS.obj
 0001:0000ed80       ?set@CRAvar@@QAEXNNNNH@Z   0040fd80 f   PSINS.obj
 0001:0000eea0       ?set@CRAvar@@QAEXABVCVect3@@000@Z 0040fea0 f   PSINS.obj
 0001:0000ef60       ?set@CRAvar@@QAEXABVCVect@@000@Z 0040ff60 f   PSINS.obj
 0001:0000f030       ?Update@CRAvar@@QAEXNNH@Z  00410030 f   PSINS.obj
 0001:0000f230       ?Update@CRAvar@@QAEXABVCVect3@@N@Z 00410230 f   PSINS.obj
 0001:0000f2b0       ?Update@CRAvar@@QAEXABVCVect@@N@Z 004102b0 f   PSINS.obj
 0001:0000f330       ??RCRAvar@@QBENH@Z         00410330 f   PSINS.obj
 0001:0000f3b0       ??0CVAR@@QAE@HN@Z          004103b0 f   PSINS.obj
 0001:0000f470       ?Update@CVAR@@QAENNH@Z     00410470 f   PSINS.obj
 0001:0000f5f0       ??0CVARn@@QAE@XZ           004105f0 f   PSINS.obj
 0001:0000f630       ??0CVARn@@QAE@HH@Z         00410630 f   PSINS.obj
 0001:0000f7b0       ??1CVARn@@QAE@XZ           004107b0 f   PSINS.obj
 0001:0000f810       ?Reset@CVARn@@QAEXXZ       00410810 f   PSINS.obj
 0001:0000f8a0       ?Update@CVARn@@QAEHPBN@Z   004108a0 f   PSINS.obj
 0001:0000fae0       ?Update@CVARn@@QAAHNZZ     00410ae0 f   PSINS.obj
 0001:0000fb70       ??0CContLarge@@QAE@XZ      00410b70 f   PSINS.obj
 0001:0000fba0       ??0CContLarge@@QAE@NNH@Z   00410ba0 f   PSINS.obj
 0001:0000fc10       ?Update@CContLarge@@QAEHNN@Z 00410c10 f   PSINS.obj
 0001:0000fcd0       ??0CAbnomalCnt@@QAE@XZ     00410cd0 f   PSINS.obj
 0001:0000fd00       ??0CAbnomalCnt@@QAE@HNNN@Z 00410d00 f   PSINS.obj
 0001:0000fdb0       ?Update@CAbnomalCnt@@QAEHNN@Z 00410db0 f   PSINS.obj
 0001:0000fe70       ??0CWzhold@@QAE@XZ         00410e70 f   PSINS.obj
 0001:0000fea0       ?Init@CWzhold@@QAEXNNNH@Z  00410ea0 f   PSINS.obj
 0001:0000ff60       ?Reset@CWzhold@@QAEXXZ     00410f60 f   PSINS.obj
 0001:0000ffd0       ?Update@CWzhold@@QAEHN@Z   00410fd0 f   PSINS.obj
 0001:00010310       ??0CMaxMin@@QAE@HHM@Z      00411310 f   PSINS.obj
 0001:00010360       ?Init@CMaxMin@@QAEXHHM@Z   00411360 f   PSINS.obj
 0001:00010490       ?Restart@CMaxMin@@QAEXXZ   00411490 f   PSINS.obj
 0001:000104e0       ?Update@CMaxMin@@QAEHM@Z   004114e0 f   PSINS.obj
 0001:000106c0       ??0CMaxMinn@@QAE@HHHM@Z    004116c0 f   PSINS.obj
 0001:00010720       ??_FCMaxMin@@QAEXXZ        00411720 f i PSINS.obj
 0001:00010760       ?Init@CMaxMinn@@QAEXHHHM@Z 00411760 f   PSINS.obj
 0001:00010800       ?Restart@CMaxMinn@@QAEXXZ  00411800 f   PSINS.obj
 0001:00010870       ?Update@CMaxMinn@@QAAHMZZ  00411870 f   PSINS.obj
 0001:00010910       ?Update@CMaxMinn@@QAEHABVCVect3@@@Z 00411910 f   PSINS.obj
 0001:000109a0       ?Update@CMaxMinn@@QAEHABVCVect3@@0@Z 004119a0 f   PSINS.obj
 0001:00010a80       ?Update@CMaxMinn@@QAEHABVCVect3@@00@Z 00411a80 f   PSINS.obj
 0001:00010bb0       ?Update@CMaxMinn@@QAEHABVCVect3@@000@Z 00411bb0 f   PSINS.obj
 0001:00010d30       ?Update@CMaxMinn@@QAEHABVCVect3@@0000@Z 00411d30 f   PSINS.obj
 0001:00010f10       ?ResFloat@CMaxMinn@@QAEMHH@Z 00411f10 f   PSINS.obj
 0001:00010f90       ?ResVect3@CMaxMinn@@QAE?AVCVect3@@HH@Z 00411f90 f   PSINS.obj
 0001:00011160       ??0CKalman@@QAE@XZ         00412160 f   PSINS.obj
 0001:000113c0       ??0CKalman@@QAE@HH@Z       004123c0 f   PSINS.obj
 0001:00011640       ?Init@CKalman@@QAEXHH@Z    00412640 f   PSINS.obj
 0001:00011c30       ?SetRmmbt@CKalman@@QAEXNNNN@Z 00412c30 f   PSINS.obj
 0001:00011d30       ?SetRmaxcount@CKalman@@QAEXH@Z 00412d30 f   PSINS.obj
 0001:00011da0       ?SetInnoMaxcount@CKalman@@QAEXH@Z 00412da0 f   PSINS.obj
 0001:00011e10       ?SetZmm@CKalman@@QAEXHHNH@Z 00412e10 f   PSINS.obj
 0001:00011e90       ?SetZmmVn@CKalman@@QAEXABVCVect3@@H@Z 00412e90 f   PSINS.obj
 0001:00011f10       ?SetZmmPos@CKalman@@QAEXABVCVect3@@H@Z 00412f10 f   PSINS.obj
 0001:00011f90       ?TimeUpdate@CKalman@@QAEXNH@Z 00412f90 f   PSINS.obj
 0001:000121b0       ?SetMeasFlag@CKalman@@QAEXIH@Z 004131b0 f   PSINS.obj
 0001:00012220       ?SetMeasMask@CKalman@@QAEXIH@Z 00413220 f   PSINS.obj
 0001:000122e0       ?SetMeasStop@CKalman@@QAEXIN@Z 004132e0 f   PSINS.obj
 0001:00012380       ?SetRadptStop@CKalman@@QAEXIN@Z 00413380 f   PSINS.obj
 0001:000123d0       ?MeasUpdate@CKalman@@QAEHN@Z 004133d0 f   PSINS.obj
 0001:00012770       ?MeasUD@@YAXQAN0QBNN0H@Z   00413770 f   PSINS.obj
 0001:00012aa0       ?RAdaptive@CKalman@@QAEHHNN@Z 00413aa0 f   PSINS.obj
 0001:00012cc0       ?RPkFading@CKalman@@QAEXH@Z 00413cc0 f   PSINS.obj
 0001:00012db0       ?ZmmPkSet@CKalman@@QAEXH@Z 00413db0 f   PSINS.obj
 0001:00012e80       ?XPConstrain@CKalman@@QAEXXZ 00413e80 f   PSINS.obj
 0001:000131c0       ?PmaxPminCheck@CKalman@@QAEXXZ 004141c0 f   PSINS.obj
 0001:000132c0       ?Feedback@CKalman@@UAEXHN@Z 004142c0 f   PSINS.obj
 0001:00013510       ?FeedbackAll@CKalman@@QAEXXZ 00414510 f   PSINS.obj
 0001:00013640       ?RtFading@CKalman@@QAEXHN@Z 00414640 f   PSINS.obj
 0001:00013790       ?fusion@@YAXPAN0PBN1H00@Z  00414790 f   PSINS.obj
 0001:00013940       ?fusion@@YAXAAVCVect3@@0V1@1@Z 00414940 f   PSINS.obj
 0001:00013990       ?fusion@@YAXAAVCVect3@@0V1@100@Z 00414990 f   PSINS.obj
 0001:000139e0       ??0CSINSTDKF@@QAE@XZ       004149e0 f   PSINS.obj
 0001:00013ac0       ??0CSINSTDKF@@QAE@HH@Z     00414ac0 f   PSINS.obj
 0001:00013be0       ?Init@CSINSTDKF@@QAEXABVCSINS@@@Z 00414be0 f   PSINS.obj
 0001:00013e00       ?TDReset@CSINSTDKF@@QAEXXZ 00414e00 f   PSINS.obj
 0001:00013e70       ?Innovationi@CSINSTDKF@@QAENH@Z 00414e70 f   PSINS.obj
 0001:00013f20       ?TDUpdate@CSINSTDKF@@QAEHPBVCVect3@@0HNH@Z 00414f20 f   PSINS.obj
 0001:00014e00       ?MeasUpdate@CSINSTDKF@@QAEXABVCVect@@NN@Z 00415e00 f   PSINS.obj
 0001:00014fc0       ?MarkovGyro@CSINSTDKF@@QAEXABVCVect3@@0H@Z 00415fc0 f   PSINS.obj
 0001:00015040       ?MarkovAcc@CSINSTDKF@@QAEXABVCVect3@@0H@Z 00416040 f   PSINS.obj
 0001:000150c0       ?SetYaw@CSINSTDKF@@QAEXNHH@Z 004160c0 f   PSINS.obj
 0001:000152c0       ?PSetVertCh@CSINSTDKF@@QAEXNNN@Z 004162c0 f   PSINS.obj
 0001:000153a0       ?SetCalcuBurden@CSINSTDKF@@QAENIH@Z 004163a0 f   PSINS.obj
 0001:00015520       ??0CSINSGNSS@@QAE@XZ       00416520 f   PSINS.obj
 0001:00015580       ??0CSINSGNSS@@QAE@HHNH@Z   00416580 f   PSINS.obj
 0001:000157c0       ?Init@CSINSGNSS@@QAEXABVCSINS@@H@Z 004167c0 f   PSINS.obj
 0001:00016b60       ?SetFt@CSINSGNSS@@UAEXH@Z  00417b60 f   PSINS.obj
 0001:00017330       ?SetHk@CSINSGNSS@@UAEXH@Z  00418330 f   PSINS.obj
 0001:00017490       ?Feedback@CSINSGNSS@@UAEXHN@Z 00418490 f   PSINS.obj
 0001:00017870       ?SetMeasGNSS@CSINSGNSS@@QAEXABVCVect3@@0N@Z 00418870 f   PSINS.obj
 0001:00017a40       ?MeasGNSSZvStop@CSINSGNSS@@QAEXAAVCVect3@@N@Z 00418a40 f   PSINS.obj
 0001:00017b00       ?MeasGNSSZpStop@CSINSGNSS@@QAEXAAVCVect3@@N@Z 00418b00 f   PSINS.obj
 0001:00017bc0       ?MeasGNSSZp2X@CSINSGNSS@@QAEXAAVCVect3@@@Z 00418bc0 f   PSINS.obj
 0001:00017c80       ?Leveling@CSINSGNSS@@QAEXXZ 00418c80 f   PSINS.obj
 0001:00017d40       ?Update@CSINSGNSS@@QAEHPBVCVect3@@0HNH@Z 00418d40 f   PSINS.obj
 0001:00017dd0       ??6CSINSGNSS@@QAEXAAVCFileRdWt@@@Z 00418dd0 f   PSINS.obj
 0001:00017ed0       ?LogXk@CSINSGNSS@@QAEXXZ   00418ed0 f   PSINS.obj
 0001:00018340       ??0CSysClbt@@QAE@ABVCVect3@@NH@Z 00419340 f   PSINS.obj
 0001:00018450       ?SetHk@CSysClbt@@UAEXH@Z   00419450 f i PSINS.obj
 0001:00018480       ?SetMeas@CSysClbt@@UAEXXZ  00419480 f i PSINS.obj
 0001:000184b0       ?Init@CSysClbt@@QAEXN@Z    004194b0 f   PSINS.obj
 0001:00018d40       ?NextIter@CSysClbt@@QAEXXZ 00419d40 f   PSINS.obj
 0001:000192a0       ?SetFt@CSysClbt@@UAEXH@Z   0041a2a0 f   PSINS.obj
 0001:000198e0       ?Feedback@CSysClbt@@UAEXHN@Z 0041a8e0 f   PSINS.obj
 0001:00019be0       ?Update@CSysClbt@@QAEHPBVCVect3@@0HNH@Z 0041abe0 f   PSINS.obj
 0001:00019cf0       ?Log@CSysClbt@@QAEXXZ      0041acf0 f   PSINS.obj
 0001:00019ea0       ?LogXk@CSysClbt@@QAEXXZ    0041aea0 f   PSINS.obj
 0001:0001a220       ??0CPOS618@@QAE@XZ         0041b220 f   PSINS.obj
 0001:0001a2c0       ??0CPOS618@@QAE@NNH@Z      0041b2c0 f   PSINS.obj
 0001:0001a500       ??1CPOS618@@QAE@XZ         0041b500 f   PSINS.obj
 0001:0001a6f0       ??_GCRMemory@@QAEPAXI@Z    0041b6f0 f i PSINS.obj
 0001:0001a750       ??_GCSmooth@@QAEPAXI@Z     0041b750 f i PSINS.obj
 0001:0001a7b0       ??_GCFileRdWt@@QAEPAXI@Z   0041b7b0 f i PSINS.obj
 0001:0001a810       ?Load@CPOS618@@QAEHPADNN@Z 0041b810 f   PSINS.obj
 0001:0001ac80       ?Init@CPOS618@@QAEXNABVCVect3@@@Z 0041bc80 f   PSINS.obj
 0001:0001b140       ?Forward@CPOS618@@QAEXXZ   0041c140 f   PSINS.obj
 0001:0001b4c0       ?Backward@CPOS618@@QAEXXZ  0041c4c0 f   PSINS.obj
 0001:0001b960       ?Reverse@CPOS618@@QAEXXZ   0041c960 f   PSINS.obj
 0001:0001bb90       ?Smooth@CPOS618@@QAEXXZ    0041cb90 f   PSINS.obj
 0001:0001bbc0       ?Process@CPOS618@@QAEXPADH@Z 0041cbc0 f   PSINS.obj
 0001:0001bca0       ??0CSINSGNSSCNS@@QAE@XZ    0041cca0 f   PSINS.obj
 0001:0001bd00       ??0CSINSGNSSCNS@@QAE@N@Z   0041cd00 f   PSINS.obj
 0001:0001bdd0       ?SetCNS@CSINSGNSSCNS@@QAEXHHHNNN@Z 0041cdd0 f   PSINS.obj
 0001:0001be70       ?Init@CSINSGNSSCNS@@QAEXABVCSINS@@H@Z 0041ce70 f   PSINS.obj
 0001:0001c260       ?SetHk@CSINSGNSSCNS@@UAEXH@Z 0041d260 f   PSINS.obj
 0001:0001c310       ?Feedback@CSINSGNSSCNS@@UAEXHN@Z 0041d310 f   PSINS.obj
 0001:0001c3a0       ?SetMeasCNS@CSINSGNSSCNS@@QAEXAAVCQuat@@@Z 0041d3a0 f   PSINS.obj
 0001:0001c490       ?SetMeasCNS@CSINSGNSSCNS@@QAEXAAVCVect3@@@Z 0041d490 f   PSINS.obj
 0001:0001c550       ??0CSINSGNSSDR@@QAE@XZ     0041d550 f   PSINS.obj
 0001:0001c5d0       ?SetHk@CSINSGNSSDR@@UAEXH@Z 0041d5d0 f i PSINS.obj
 0001:0001c600       ??0CSINSGNSSDR@@QAE@N@Z    0041d600 f   PSINS.obj
 0001:0001c790       ?Init@CSINSGNSSDR@@QAEXABVCSINS@@H@Z 0041d790 f   PSINS.obj
 0001:0001cda0       ?SetFt@CSINSGNSSDR@@UAEXH@Z 0041dda0 f   PSINS.obj
 0001:0001cf30       ?Feedback@CSINSGNSSDR@@UAEXHN@Z 0041df30 f   PSINS.obj
 0001:0001d020       ?SetMeas@CSINSGNSSDR@@UAEXXZ 0041e020 f   PSINS.obj
 0001:0001d0b0       ?SetMeasGNSS@CSINSGNSSDR@@QAEXABVCVect3@@0N@Z 0041e0b0 f   PSINS.obj
 0001:0001d2f0       ?Update@CSINSGNSSDR@@QAEHPBVCVect3@@0NHNH@Z 0041e2f0 f   PSINS.obj
 0001:0001d450       ??0CSINSGNSSOD@@QAE@XZ     0041e450 f   PSINS.obj
 0001:0001d560       ?SetMeas@CSINSGNSSOD@@UAEXXZ 0041e560 f i PSINS.obj
 0001:0001d590       ??0CSINSGNSSOD@@QAE@HHNH@Z 0041e590 f   PSINS.obj
 0001:0001d7e0       ?Init@CSINSGNSSOD@@QAEXABVCSINS@@H@Z 0041e7e0 f   PSINS.obj
 0001:0001d870       ?SetDistance@CSINSGNSSOD@@QAEXN@Z 0041e870 f   PSINS.obj
 0001:0001d930       ?ODKappa@CSINSGNSSOD@@QAE?AVCVect3@@ABV2@@Z 0041e930 f   PSINS.obj
 0001:0001da30       ?ODVelUpdate@CSINSGNSSOD@@QAEHN@Z 0041ea30 f   PSINS.obj
 0001:0001e110       ?Update@CSINSGNSSOD@@QAEHPBVCVect3@@0NHNH@Z 0041f110 f   PSINS.obj
 0001:0001e1b0       ??6CSINSGNSSOD@@QAEXAAVCFileRdWt@@@Z 0041f1b0 f   PSINS.obj
 0001:0001e320       ??0CAutoDrive@@QAE@XZ      0041f320 f   PSINS.obj
 0001:0001e390       ?SetMeas@CAutoDrive@@UAEXXZ 0041f390 f i PSINS.obj
 0001:0001e3c0       ??0CAutoDrive@@QAE@N@Z     0041f3c0 f   PSINS.obj
 0001:0001e590       ?Init@CAutoDrive@@QAEXABVCSINS@@H@Z 0041f590 f   PSINS.obj
 0001:0001ea70       ?SetFt@CAutoDrive@@UAEXH@Z 0041fa70 f   PSINS.obj
 0001:0001eab0       ?SetHk@CAutoDrive@@UAEXH@Z 0041fab0 f   PSINS.obj
 0001:0001eae0       ?Feedback@CAutoDrive@@UAEXHN@Z 0041fae0 f   PSINS.obj
 0001:0001ebb0       ?ZUPTtest@CAutoDrive@@QAEXXZ 0041fbb0 f   PSINS.obj
 0001:0001ecb0       ?ZIHRtest@CAutoDrive@@QAEXXZ 0041fcb0 f   PSINS.obj
 0001:0001edb0       ?NHCtest@CAutoDrive@@QAEXXZ 0041fdb0 f   PSINS.obj
 0001:0001ef00       ?SetGNSSFixMode@CAutoDrive@@QAEXH@Z 0041ff00 f   PSINS.obj
 0001:0001f0d0       ?Update@CAutoDrive@@QAEHPBVCVect3@@0NHNH@Z 004200d0 f   PSINS.obj
 0001:0001f310       ??0CSGOClbt@@QAE@N@Z       00420310 f   PSINS.obj
 0001:0001f3e0       ?Init@CSGOClbt@@QAEXABVCSINS@@H@Z 004203e0 f   PSINS.obj
 0001:0001f930       ?SetFt@CSGOClbt@@UAEXH@Z   00420930 f   PSINS.obj
 0001:0001f9a0       ?SetHk@CSGOClbt@@UAEXH@Z   004209a0 f   PSINS.obj
 0001:0001fa60       ?Feedback@CSGOClbt@@UAEXHN@Z 00420a60 f   PSINS.obj
 0001:0001fba0       ?Update@CSGOClbt@@QAEHPBVCVect3@@0NHNH@Z 00420ba0 f   PSINS.obj
 0001:0001fc80       ??0CVAutoPOS@@QAE@XZ       00420c80 f   PSINS.obj
 0001:0001fcd0       ??0CVAutoPOS@@QAE@N@Z      00420cd0 f   PSINS.obj
 0001:0001fd30       ?Init@CVAutoPOS@@UAEXABVCSINS@@H@Z 00420d30 f   PSINS.obj
 0001:0001ffd0       ?SetFt@CVAutoPOS@@UAEXH@Z  00420fd0 f   PSINS.obj
 0001:00020010       ?SetHk@CVAutoPOS@@UAEXH@Z  00421010 f   PSINS.obj
 0001:00020040       ?Feedback@CVAutoPOS@@UAEXHN@Z 00421040 f   PSINS.obj
 0001:00020110       ?Update@CVAutoPOS@@QAEHPBVCVect3@@0NHNH@Z 00421110 f   PSINS.obj
 0001:000201f0       ?Init@CCAM@@QAEXABVCVect3@@0NN@Z 004211f0 f   PSINS.obj
 0001:000202c0       ?Init@CCAM@@QAEXABVCVect3@@NN@Z 004212c0 f   PSINS.obj
 0001:00020330       ?Update@CCAM@@QAEXNNNN@Z   00421330 f   PSINS.obj
 0001:00020430       ?Update@CCAM@@QAEXNN@Z     00421430 f   PSINS.obj
 0001:00020690       ?Init@CCALLH@@QAEXAAVCSINS@@ABVCVect3@@@Z 00421690 f   PSINS.obj
 0001:00020860       ?Update@CCALLH@@QAEXABVCSINS@@ABVCVect3@@1@Z 00421860 f   PSINS.obj
 0001:00020a50       ?Update@CCALLH@@QAEXABVCVect3@@0@Z 00421a50 f   PSINS.obj
 0001:00020b00       ?OutLLH@CCALLH@@QAEXXZ     00421b00 f   PSINS.obj
 0001:00020d00       ??0CGKP@@QAE@NN@Z          00421d00 f   PSINS.obj
 0001:00020d50       ?Init@CGKP@@QAEXNN@Z       00421d50 f   PSINS.obj
 0001:00020fb0       ?GKPCore@CGKP@@AAE?AVCVect3@@ABV2@@Z 00421fb0 f   PSINS.obj
 0001:000213b0       ?IGKPCore@CGKP@@AAE?AVCVect3@@ABV2@@Z 004223b0 f   PSINS.obj
 0001:00021850       ?GKP@CGKP@@QAE?AVCVect3@@ABV2@@Z 00422850 f   PSINS.obj
 0001:00021930       ?IGKP@CGKP@@QAE?AVCVect3@@ABV2@@Z 00422930 f   PSINS.obj
 0001:00021a10       ??0CEarth@@QAE@NNN@Z       00422a10 f   PSINS.obj
 0001:00021ba0       ?Update@CEarth@@QAEXABVCVect3@@0H@Z 00422ba0 f   PSINS.obj
 0001:000220b0       ?vn2dpos@CEarth@@QBE?AVCVect3@@ABV2@N@Z 004230b0 f   PSINS.obj
 0001:00022140       ?vn2dpos@CEarth@@QBEXAAVCVect3@@ABV2@N@Z 00423140 f   PSINS.obj
 0001:000221a0       ??0CIMU@@QAE@XZ            004231a0 f   PSINS.obj
 0001:000227f0       ?Reset@CIMU@@QAEXXZ        004237f0 f   PSINS.obj
 0001:000228c0       ?SetRFU@CIMU@@QAEXPBD@Z    004238c0 f   PSINS.obj
 0001:00022930       ?SetSf@CIMU@@QAEXABVCVect3@@0@Z 00423930 f   PSINS.obj
 0001:00022990       ?SetTemp@CIMU@@QAEXPANH@Z  00423990 f   PSINS.obj
 0001:00022a60       ?SetKga@CIMU@@QAEXABVCMat3@@VCVect3@@0ABV3@@Z 00423a60 f   PSINS.obj
 0001:00022ae0       ?SetgSens@CIMU@@QAEXABVCMat3@@00@Z 00423ae0 f   PSINS.obj
 0001:00022b90       ?SetKa2@CIMU@@QAEXABVCVect3@@@Z 00423b90 f   PSINS.obj
 0001:00022be0       ?SetKapn@CIMU@@QAEXABVCVect3@@@Z 00423be0 f   PSINS.obj
 0001:00022c30       ?SetLvtGA@CIMU@@QAEXABVCVect3@@00N@Z 00423c30 f   PSINS.obj
 0001:00022cc0       ?SetTau@CIMU@@QAEXABVCVect3@@00@Z 00423cc0 f   PSINS.obj
 0001:00022d30       ?SetCba@CIMU@@QAEXABVCMat3@@@Z 00423d30 f   PSINS.obj
 0001:00023010       ?GetMeanwf@CIMU@@QAENAAVCVect3@@0H@Z 00424010 f   PSINS.obj
 0001:00023110       ?Update@CIMU@@QAENPBVCVect3@@0HN@Z 00424110 f   PSINS.obj
 0001:000242b0       ?IMURFU@@YAXPAVCVect3@@HPBD@Z 004252b0 f   PSINS.obj
 0001:00024410       ?IMURFU@@YAXPAVCVect3@@0HPBD@Z 00425410 f   PSINS.obj
 0001:00024470       ?IMUStatic@@YAXAAVCVect3@@000N@Z 00425470 f   PSINS.obj
 0001:000245b0       ?lsclbt@@YA?AVCMat@@AAV1@0@Z 004255b0 f   PSINS.obj
 0001:00024880       ??0CIMUInc@@QAE@NN@Z       00425880 f   PSINS.obj
 0001:000248d0       ?Init@CIMUInc@@QAEXNN@Z    004258d0 f   PSINS.obj
 0001:00024a40       ?Update@CIMUInc@@QAEXABVCVect3@@0@Z 00425a40 f   PSINS.obj
 0001:00024c10       ??0CIMUInv@@QAE@ABVCVect3@@00NN@Z 00425c10 f   PSINS.obj
 0001:00024df0       ?Update@CIMUInv@@QAEXABVCVect3@@0@Z 00425df0 f   PSINS.obj
 0001:000252d0       ??0CSINS@@QAE@NABVCVect3@@N@Z 004262d0 f   PSINS.obj
 0001:00025650       ??0CSINS@@QAE@ABVCVect3@@00N@Z 00426650 f   PSINS.obj
 0001:000259c0       ??0CSINS@@QAE@ABVCQuat@@ABVCVect3@@1N@Z 004269c0 f   PSINS.obj
 0001:00025d20       ?Init@CSINS@@QAEXABVCVect3@@00N@Z 00426d20 f   PSINS.obj
 0001:00025d80       ?Init@CSINS@@QAEXABVCQuat@@ABVCVect3@@1N@Z 00426d80 f   PSINS.obj
 0001:000262c0       ?SetTauGA@CSINS@@QAEXABVCVect3@@0@Z 004272c0 f   PSINS.obj
 0001:000264e0       ?Update@CSINS@@QAEXPBVCVect3@@0HN@Z 004274e0 f   PSINS.obj
 0001:000276e0       ?Extrap@CSINS@@QAEXABVCVect3@@0N@Z 004286e0 f   PSINS.obj
 0001:000278a0       ?Extrap@CSINS@@QAEXN@Z     004288a0 f   PSINS.obj
 0001:00027a20       ?lever@CSINS@@QAEXABVCVect3@@PAV2@1@Z 00428a20 f   PSINS.obj
 0001:00027c60       ?lever2@CSINS@@QAEXABVCVect3@@PAV2@1PBV2@2@Z 00428c60 f   PSINS.obj
 0001:00027e20       ?atss@CSINS@@QAEXPAN0@Z    00428e20 f   PSINS.obj
 0001:00027ea0       ?etm@CSINS@@QAEXXZ         00428ea0 f   PSINS.obj
 0001:000283d0       ?AddErr@CSINS@@QAEXABVCVect3@@00@Z 004293d0 f   PSINS.obj
 0001:00028480       ?AddErr@CSINS@@QAEXNABVCVect3@@0@Z 00429480 f   PSINS.obj
 0001:000284e0       ?Leveling@CSINS@@QAEXH@Z   004294e0 f   PSINS.obj
 0001:00028630       ?DebugStop@CSINS@@QAEXNHH@Z 00429630 f   PSINS.obj
 0001:000286f0       ??0CDR@@QAE@XZ             004296f0 f   PSINS.obj
 0001:000287e0       ?Init@CDR@@QAEXABVCSINS@@ABVCVect3@@@Z 004297e0 f   PSINS.obj
 0001:00028870       ?Init@CDR@@QAEXABVCVect3@@00N@Z 00429870 f   PSINS.obj
 0001:00028a30       ?Update@CDR@@QAEXABVCVect3@@NN0@Z 00429a30 f   PSINS.obj
 0001:00028cf0       ?SetGCK@CDR@@QAEXN@Z       00429cf0 f   PSINS.obj
 0001:00028e10       ?Leveling@CDR@@QAEXABVCVect3@@N@Z 00429e10 f   PSINS.obj
 0001:00028fe0       ?Calibrate@CDR@@QAE?AVCVect3@@ABV2@00N@Z 00429fe0 f   PSINS.obj
 0001:000291e0       ??0CCNS@@QAE@XZ            0042a1e0 f   PSINS.obj
 0001:00029350       ?SetdT@CCNS@@QAEXNN@Z      0042a350 f   PSINS.obj
 0001:000293b0       ?Setxyp@CCNS@@QAEXNN@Z     0042a3b0 f   PSINS.obj
 0001:000294a0       ?JD@CCNS@@QAENHHHN@Z       0042a4a0 f   PSINS.obj
 0001:00029570       ?Precmat@CCNS@@QAE?AVCMat3@@N@Z 0042a570 f   PSINS.obj
 0001:000296a0       ?Equinox@CCNS@@QAEXN@Z     0042a6a0 f   PSINS.obj
 0001:000298b0       ?Nutmat@CCNS@@QAE?AVCMat3@@N@Z 0042a8b0 f   PSINS.obj
 0001:000299a0       ?GAST@CCNS@@QAENNN@Z       0042a9a0 f   PSINS.obj
 0001:00029af0       ?GetCie@CCNS@@QAE?AVCMat3@@NN@Z 0042aaf0 f   PSINS.obj
 0001:00029c70       ?GetCns@CCNS@@QAE?AVCMat3@@ABVCQuat@@ABVCVect3@@NABV2@@Z 0042ac70 f   PSINS.obj
 0001:00029dc0       ??0CAVPInterp@@QAE@XZ      0042adc0 f   PSINS.obj
 0001:00029e60       ?Init@CAVPInterp@@QAEXABVCSINS@@NHH@Z 0042ae60 f   PSINS.obj
 0001:00029f00       ?Init@CAVPInterp@@QAEXABVCVect3@@00NH@Z 0042af00 f   PSINS.obj
 0001:00029ff0       ?Push@CAVPInterp@@QAEXABVCSINS@@H@Z 0042aff0 f   PSINS.obj
 0001:0002a080       ?Push@CAVPInterp@@QAEXABVCVect3@@00@Z 0042b080 f   PSINS.obj
 0001:0002a130       ?Interp@CAVPInterp@@QAEHNH@Z 0042b130 f   PSINS.obj
 0001:0002a560       ?timestr@@YAPADHPAD@Z      0042b560 f   PSINS.obj
 0001:0002a610       ?time2fname@@YAPADXZ       0042b610 f   PSINS.obj
 0001:0002a660       ?DirI@CFileRdWt@@SAXPBD@Z  0042b660 f   PSINS.obj
 0001:0002a6f0       ?DirO@CFileRdWt@@SAXPBD@Z  0042b6f0 f   PSINS.obj
 0001:0002a780       ?Dir@CFileRdWt@@SAXPBD0@Z  0042b780 f   PSINS.obj
 0001:0002a7e0       ??0CFileRdWt@@QAE@XZ       0042b7e0 f   PSINS.obj
 0001:0002a810       ??0CFileRdWt@@QAE@PBDH@Z   0042b810 f   PSINS.obj
 0001:0002a880       ??1CFileRdWt@@QAE@XZ       0042b880 f   PSINS.obj
 0001:0002a8d0       ?Init@CFileRdWt@@QAEXPBDH@Z 0042b8d0 f   PSINS.obj
 0001:0002acb0       ?load@CFileRdWt@@QAEHHH@Z  0042bcb0 f   PSINS.obj
 0001:0002b180       ?loadf32@CFileRdWt@@QAEHH@Z 0042c180 f   PSINS.obj
 0001:0002b270       ?load@CFileRdWt@@QAEJPAEJ@Z 0042c270 f   PSINS.obj
 0001:0002b320       ?bwseek@CFileRdWt@@QAEXHH@Z 0042c320 f   PSINS.obj
 0001:0002b390       ?filesize@CFileRdWt@@QAEJH@Z 0042c390 f   PSINS.obj
 0001:0002b460       ?getl@CFileRdWt@@QAEHXZ    0042c460 f   PSINS.obj
 0001:0002b4c0       ?savepos@CFileRdWt@@QAEJH@Z 0042c4c0 f   PSINS.obj
 0001:0002b550       ?restorepos@CFileRdWt@@QAEHH@Z 0042c550 f   PSINS.obj
 0001:0002b5d0       ?waitfor@CFileRdWt@@QAEHHNN@Z 0042c5d0 f   PSINS.obj
 0001:0002b670       ??6CFileRdWt@@QAEAAV0@N@Z  0042c670 f   PSINS.obj
 0001:0002b6c0       ??6CFileRdWt@@QAEAAV0@ABVCVect3@@@Z 0042c6c0 f   PSINS.obj
 0001:0002b710       ??6CFileRdWt@@QAEAAV0@ABVCQuat@@@Z 0042c710 f   PSINS.obj
 0001:0002b760       ??6CFileRdWt@@QAEAAV0@ABVCMat3@@@Z 0042c760 f   PSINS.obj
 0001:0002b7b0       ??6CFileRdWt@@QAEAAV0@ABVCVect@@@Z 0042c7b0 f   PSINS.obj
 0001:0002b810       ??6CFileRdWt@@QAEAAV0@ABVCMat@@@Z 0042c810 f   PSINS.obj
 0001:0002b870       ??6CFileRdWt@@QAEAAV0@ABVCRAvar@@@Z 0042c870 f   PSINS.obj
 0001:0002b8d0       ??6CFileRdWt@@QAEAAV0@ABVCMaxMinn@@@Z 0042c8d0 f   PSINS.obj
 0001:0002b9e0       ??6CFileRdWt@@QAEAAV0@ABVCAligni0@@@Z 0042c9e0 f   PSINS.obj
 0001:0002ba70       ??6CFileRdWt@@QAEAAV0@ABVCPolyfit@@@Z 0042ca70 f   PSINS.obj
 0001:0002bae0       ??6CFileRdWt@@QAEAAV0@ABVCPolyfit3@@@Z 0042cae0 f   PSINS.obj
 0001:0002bb50       ??6CFileRdWt@@QAEAAV0@ABVCIMU@@@Z 0042cb50 f   PSINS.obj
 0001:0002bbc0       ??6CFileRdWt@@QAEAAV0@ABVCSINS@@@Z 0042cbc0 f   PSINS.obj
 0001:0002bcd0       ??6CFileRdWt@@QAEAAV0@ABVCDR@@@Z 0042ccd0 f   PSINS.obj
 0001:0002bd50       ??6CFileRdWt@@QAEAAV0@ABVCRMemory@@@Z 0042cd50 f   PSINS.obj
 0001:0002bda0       ??6CFileRdWt@@QAEAAV0@AAVCKalman@@@Z 0042cda0 f   PSINS.obj
 0001:0002be80       ??5CFileRdWt@@QAEAAV0@AAN@Z 0042ce80 f   PSINS.obj
 0001:0002bed0       ??5CFileRdWt@@QAEAAV0@AAVCVect3@@@Z 0042ced0 f   PSINS.obj
 0001:0002bf20       ??5CFileRdWt@@QAEAAV0@AAVCQuat@@@Z 0042cf20 f   PSINS.obj
 0001:0002bf70       ??5CFileRdWt@@QAEAAV0@AAVCMat3@@@Z 0042cf70 f   PSINS.obj
 0001:0002bfc0       ??5CFileRdWt@@QAEAAV0@AAVCVect@@@Z 0042cfc0 f   PSINS.obj
 0001:0002c020       ??5CFileRdWt@@QAEAAV0@AAVCMat@@@Z 0042d020 f   PSINS.obj
 0001:0002c080       ??0CFileList@@QAE@PBD000@Z 0042d080 f   PSINS.obj
 0001:0002c2c0       ?NextFile@CFileList@@QAEPADXZ 0042d2c0 f   PSINS.obj
 0001:0002c5d0       ??1CFileList@@QAE@XZ       0042d5d0 f   PSINS.obj
 0001:0002c6a0       ??0CFileLog@@QAE@XZ        0042d6a0 f   PSINS.obj
 0001:0002c710       ?LogSet@CFileLog@@QAEAAV1@HPBD@Z 0042d710 f   PSINS.obj
 0001:0002c830       ??1CFileLog@@QAE@XZ        0042d830 f   PSINS.obj
 0001:0002c8a0       ?LogDate@CFileLog@@QAEAAV1@H@Z 0042d8a0 f   PSINS.obj
 0001:0002c930       ?LogRunTime@CFileLog@@QAEAAV1@H@Z 0042d930 f   PSINS.obj
 0001:0002c9b0       ??6CFileLog@@QAEAAV0@PBD@Z 0042d9b0 f   PSINS.obj
 0001:0002ca10       ??6CFileLog@@QAEAAV0@H@Z   0042da10 f   PSINS.obj
 0001:0002ca70       ??6CFileLog@@QAEAAV0@M@Z   0042da70 f   PSINS.obj
 0001:0002cae0       ??6CFileLog@@QAEAAV0@N@Z   0042dae0 f   PSINS.obj
 0001:0002cb40       ??6CFileLog@@QAEAAV0@ABVCVect3@@@Z 0042db40 f   PSINS.obj
 0001:0002cbc0       ??6CFileLog@@QAEAAV0@ABVCQuat@@@Z 0042dbc0 f   PSINS.obj
 0001:0002cc50       ??6CFileLog@@QAEAAV0@ABVCVect@@@Z 0042dc50 f   PSINS.obj
 0001:0002cce0       ??6CFileLog@@QAEAAV0@ABVCMat3@@@Z 0042dce0 f   PSINS.obj
 0001:0002cdd0       ??6CFileLog@@QAEAAV0@ABVCMat@@@Z 0042ddd0 f   PSINS.obj
 0001:0002ceb0       ?CMArray@CFileLog@@QAEAAV1@PBDPBNHHN0@Z 0042deb0 f   PSINS.obj
 0001:0002cf50       ?CArray@CFileLog@@QAEAAV1@PBDPBNHHN0@Z 0042df50 f   PSINS.obj
 0001:0002d1b0       ?MArray@CFileLog@@QAEAAV1@PBDPBNHHN0@Z 0042e1b0 f   PSINS.obj
 0001:0002d340       ?Flush@CFileLog@@QAEXH@Z   0042e340 f   PSINS.obj
 0001:0002d3b0       ??0CFileCfg@@QAE@XZ        0042e3b0 f   PSINS.obj
 0001:0002d3f0       ??1CFileCfg@@QAE@XZ        0042e3f0 f   PSINS.obj
 0001:0002d450       ??6CFileCfg@@QAEAAV0@PBD@Z 0042e450 f   PSINS.obj
 0001:0002d500       ??5CFileCfg@@QAEAAV0@PBD@Z 0042e500 f   PSINS.obj
 0001:0002d5d0       ??6CFileCfg@@QAEAAV0@F@Z   0042e5d0 f   PSINS.obj
 0001:0002d620       ??6CFileCfg@@QAEAAV0@H@Z   0042e620 f   PSINS.obj
 0001:0002d670       ??6CFileCfg@@QAEAAV0@M@Z   0042e670 f   PSINS.obj
 0001:0002d6c0       ??6CFileCfg@@QAEAAV0@N@Z   0042e6c0 f   PSINS.obj
 0001:0002d710       ??6CFileCfg@@QAEAAV0@ABVCVect3@@@Z 0042e710 f   PSINS.obj
 0001:0002d760       ??6CFileCfg@@QAEAAV0@ABVCQuat@@@Z 0042e760 f   PSINS.obj
 0001:0002d7b0       ??6CFileCfg@@QAEAAV0@ABVCMat3@@@Z 0042e7b0 f   PSINS.obj
 0001:0002d800       ??6CFileCfg@@QAEAAV0@ABVCMat@@@Z 0042e800 f   PSINS.obj
 0001:0002d860       ??5CFileCfg@@QAEAAV0@AAF@Z 0042e860 f   PSINS.obj
 0001:0002d8d0       ??5CFileCfg@@QAEAAV0@AAH@Z 0042e8d0 f   PSINS.obj
 0001:0002d940       ??5CFileCfg@@QAEAAV0@AAM@Z 0042e940 f   PSINS.obj
 0001:0002d9c0       ??5CFileCfg@@QAEAAV0@AAN@Z 0042e9c0 f   PSINS.obj
 0001:0002da50       ??5CFileCfg@@QAEAAV0@AAVCVect3@@@Z 0042ea50 f   PSINS.obj
 0001:0002dae0       ??5CFileCfg@@QAEAAV0@AAVCQuat@@@Z 0042eae0 f   PSINS.obj
 0001:0002db80       ??5CFileCfg@@QAEAAV0@AAVCMat3@@@Z 0042eb80 f   PSINS.obj
 0001:0002dc20       ??4CFileCfg@@QAEAAV0@AAV0@@Z 0042ec20 f   PSINS.obj
 0001:0002dc60       ?WriteCfg@@YA?AVCFileCfg@@PBD0@Z 0042ec60 f   PSINS.obj
 0001:0002dd40       ?ReadCfg@@YA?AVCFileCfg@@PBD0@Z 0042ed40 f   PSINS.obj
 0001:0002de20       ??0CRMemory@@QAE@XZ        0042ee20 f   PSINS.obj
 0001:0002de50       ??0CRMemory@@QAE@JH@Z      0042ee50 f   PSINS.obj
 0001:0002ded0       ??0CRMemory@@QAE@PAEJH@Z   0042eed0 f   PSINS.obj
 0001:0002df20       ?Init@CRMemory@@QAEXPAEJH@Z 0042ef20 f   PSINS.obj
 0001:0002dfc0       ??1CRMemory@@QAE@XZ        0042efc0 f   PSINS.obj
 0001:0002e010       ??4CRMemory@@QAEXABV0@@Z   0042f010 f   PSINS.obj
 0001:0002e150       ?pop@CRMemory@@QAEEPAE@Z   0042f150 f   PSINS.obj
 0001:0002e240       ?get@CRMemory@@QAEPAEH@Z   0042f240 f   PSINS.obj
 0001:0002e2a0       ?set@CRMemory@@QAEPAEHPBE@Z 0042f2a0 f   PSINS.obj
 0001:0002e340       ?push@CRMemory@@QAEHPBE@Z  0042f340 f   PSINS.obj
 0001:0002e440       ??0CSmooth@@QAE@HH@Z       0042f440 f   PSINS.obj
 0001:0002e590       ??1CSmooth@@QAE@XZ         0042f590 f   PSINS.obj
 0001:0002e600       ?Update@CSmooth@@QAE?AVCVect@@PBNPAN@Z 0042f600 f   PSINS.obj
 0001:0002e750       ??0CInterp@@QAE@PAPANHH@Z  0042f750 f   PSINS.obj
 0001:0002e890       ??0CInterp@@QAE@PBDH@Z     0042f890 f   PSINS.obj
 0001:0002eab0       ??1CInterp@@QAE@XZ         0042fab0 f   PSINS.obj
 0001:0002eb60       ?Interp@CInterp@@QAENNPAN@Z 0042fb60 f   PSINS.obj
 0001:0002ee40       ?flipud@@YAPAEPAEHH@Z      0042fe40 f   PSINS.obj
 0001:0002ef60       ??0CContinuousCnt@@QAE@H@Z 0042ff60 f   PSINS.obj
 0001:0002efb0       ?Update@CContinuousCnt@@QAEHH@Z 0042ffb0 f   PSINS.obj
 0001:0002f050       ?Alignsb@@YA?AVCVect3@@ABV1@0N@Z 00430050 f   PSINS.obj
 0001:0002f2a0       ?Alignsb@@YA?AVCVect3@@ABV1@00@Z 004302a0 f   PSINS.obj
 0001:0002f300       ??0CAligni0@@QAE@ABVCVect3@@0H@Z 00430300 f   PSINS.obj
 0001:0002f460       ?Init@CAligni0@@QAEXABVCVect3@@0H@Z 00430460 f   PSINS.obj
 0001:0002f5f0       ?Update@CAligni0@@QAE?AVCQuat@@PBVCVect3@@0HNABV3@@Z 004305f0 f   PSINS.obj
 0001:0002fc60       ??0CAligni0fit@@QAE@XZ     00430c60 f   PSINS.obj
 0001:0002fd70       ??0CAligni0fit@@QAE@ABVCVect3@@@Z 00430d70 f   PSINS.obj
 0001:0002fe90       ?Init@CAligni0fit@@QAEXABVCVect3@@@Z 00430e90 f   PSINS.obj
 0001:000300e0       ?Update@CAligni0fit@@QAE?AVCQuat@@PBVCVect3@@0HN@Z 004310e0 f   PSINS.obj
 0001:00030870       ?pi0t@CAligni0fit@@QAE?AVCVect3@@N@Z 00431870 f   PSINS.obj
 0001:00030990       ?pib0t@CAligni0fit@@QAE?AVCVect3@@N@Z 00431990 f   PSINS.obj
 0001:00030a70       ??0CAlignkf@@QAE@XZ        00431a70 f   PSINS.obj
 0001:00030ad0       ??0CAlignkf@@QAE@N@Z       00431ad0 f   PSINS.obj
 0001:00030b80       ??0CAlignkf@@QAE@ABVCSINS@@N@Z 00431b80 f   PSINS.obj
 0001:00030c00       ?Init@CAlignkf@@QAEXABVCSINS@@@Z 00431c00 f   PSINS.obj
 0001:000310f0       ?Update@CAlignkf@@QAEHPBVCVect3@@0HNH@Z 004320f0 f   PSINS.obj
 0001:000311d0       ?Update@CAlignkf@@QAEHPBVCVect3@@0HNABV2@H@Z 004321d0 f   PSINS.obj
 0001:000312c0       ??0CAligntrkang@@QAE@NNNN@Z 004322c0 f   PSINS.obj
 0001:000313a0       ?Init@CAligntrkang@@QAEXABVCSINS@@@Z 004323a0 f   PSINS.obj
 0001:00031880       ?Update@CAligntrkang@@QAEHPBVCVect3@@0HNABV2@H@Z 00432880 f   PSINS.obj
 0001:00031b90       ??0CAlignsv@@QAE@XZ        00432b90 f   PSINS.obj
 0001:00031bf0       ??0CAlignsv@@QAE@N@Z       00432bf0 f   PSINS.obj
 0001:00031c70       ??0CAlignsv@@QAE@ABVCVect3@@NNN@Z 00432c70 f   PSINS.obj
 0001:00031d10       ?Init@CAlignsv@@QAEXABVCVect3@@NNN@Z 00432d10 f   PSINS.obj
 0001:00031ef0       ??1CAlignsv@@QAE@XZ        00432ef0 f   PSINS.obj
 0001:00031f70       ?Update@CAlignsv@@QAEHPBVCVect3@@0H@Z 00432f70 f   PSINS.obj
 0001:000321c0       ??0CAligntf@@QAE@N@Z       004331c0 f   PSINS.obj
 0001:00032270       ??0CAligntf@@QAE@ABVCSINS@@N@Z 00433270 f   PSINS.obj
 0001:000322f0       ?Init@CAligntf@@QAEXABVCSINS@@@Z 004332f0 f   PSINS.obj
 0001:00032800       ?SetFt@CAligntf@@UAEXH@Z   00433800 f   PSINS.obj
 0001:00032880       ?SetHk@CAligntf@@UAEXH@Z   00433880 f   PSINS.obj
 0001:000329c0       ?Feedback@CAligntf@@UAEXHN@Z 004339c0 f   PSINS.obj
 0001:00032ab0       ?Update@CAligntf@@QAEHPBVCVect3@@0HNH@Z 00433ab0 f   PSINS.obj
 0001:00032b40       ?SetMeasVnAtt@CAligntf@@QAEXABVCVect3@@0@Z 00433b40 f   PSINS.obj
 0001:00032cc0       ??6CAligntf@@QAEXAAVCFileRdWt@@@Z 00433cc0 f   PSINS.obj
 0001:00032d80       ?swap16@@YAGG@Z            00433d80 f   PSINS.obj
 0001:00032dd0       ?swap24@@YAPAEPAE0@Z       00433dd0 f   PSINS.obj
 0001:00032e30       ?swap32@@YAII@Z            00433e30 f   PSINS.obj
 0001:00032ea0       ?swap64@@YAKK@Z            00433ea0 f   PSINS.obj
 0001:00032f40       ?int24@@YAPAEPAEH@Z        00433f40 f   PSINS.obj
 0001:00032fb0       ?diffint24@@YAHPBE0@Z      00433fb0 f   PSINS.obj
 0001:00033090       ?r2dm@@YANN@Z              00434090 f   PSINS.obj
 0001:00033130       ?dm2r@@YANN@Z              00434130 f   PSINS.obj
 0001:000331d0       ?logtrigger@@YAHHN@Z       004341d0 f   PSINS.obj
 0001:00033240       ?IsZero@@YAHNN@Z           00434240 f i PSINS.obj
 0001:00033290       ?sign@@YAHNN@Z             00434290 f   PSINS.obj
 0001:000332f0       ?range@@YANNNN@Z           004342f0 f   PSINS.obj
 0001:00033360       ?maxn@@YANPBNH@Z           00434360 f   PSINS.obj
 0001:000333d0       ?minn@@YANPBNH@Z           004343d0 f   PSINS.obj
 0001:00033440       ?norm1@@YANPBNH@Z          00434440 f   PSINS.obj
 0001:000334c0       ?norm@@YANPBNH@Z           004344c0 f   PSINS.obj
 0001:00033540       ?normInf@@YANPBNH@Z        00434540 f   PSINS.obj
 0001:000335d0       ?attract@@YANNNN@Z         004345d0 f   PSINS.obj
 0001:00033640       ?polyval@@YANPBNHN@Z       00434640 f   PSINS.obj
 0001:000336a0       ?atan2Ex@@YANNN@Z          004346a0 f   PSINS.obj
 0001:00033740       ?diffYaw@@YANNN@Z          00434740 f   PSINS.obj
 0001:000337b0       ?MKQt@@YANNN@Z             004347b0 f   PSINS.obj
 0001:000337e0       ?MKQt@@YA?AVCVect3@@ABV1@0@Z 004347e0 f   PSINS.obj
 0001:00033870       ?unixt2gpst@@YANNH@Z       00434870 f   PSINS.obj
 0001:000338c0       ?chkhdr@@YAHPBD0@Z         004348c0 f   PSINS.obj
 0001:00033930       ?randn@@YANNN@Z            00434930 f   PSINS.obj
 0001:000339f0       ?randn@@YA?AVCVect3@@ABV1@0@Z 004349f0 f   PSINS.obj
 0001:00033aa0       ?randn@@YA?AVCVect@@ABV1@0@Z 00434aa0 f   PSINS.obj
 0001:00033ba0       ?randn@@YA?AVCMat3@@ABV1@ABN@Z 00434ba0 f   PSINS.obj
 0001:00033c40       ?randn@@YA?AVCMat@@ABV1@ABN@Z 00434c40 f   PSINS.obj
 0001:00033d30       ?deci@@YAPAHHPAH@Z         00434d30 f   PSINS.obj
 0001:00033e40       ?add@@YAXAAVCVect3@@ABV1@1@Z 00434e40 f   PSINS.obj
 0001:00033ea0       ?add@@YAXAAVCMat3@@ABV1@1@Z 00434ea0 f   PSINS.obj
 0001:00033f60       ?add@@YAXAAVCVect@@ABV1@1@Z 00434f60 f   PSINS.obj
 0001:00033fe0       ?add@@YAXAAVCMat@@ABV1@1@Z 00434fe0 f   PSINS.obj
 0001:00034060       ?sub@@YAXAAVCVect3@@ABV1@1@Z 00435060 f   PSINS.obj
 0001:000340c0       ?sub@@YAXAAVCMat3@@ABV1@1@Z 004350c0 f   PSINS.obj
 0001:00034180       ?sub@@YAXAAVCVect@@ABV1@1@Z 00435180 f   PSINS.obj
 0001:00034200       ?sub@@YAXAAVCMat@@ABV1@1@Z 00435200 f   PSINS.obj
 0001:00034280       ?cros@@YAXAAVCVect3@@ABV1@1@Z 00435280 f   PSINS.obj
 0001:00034320       ?dotmul@@YAXAAVCVect3@@ABV1@1@Z 00435320 f   PSINS.obj
 0001:00034380       ?dotdiv@@YAXAAVCVect3@@ABV1@1@Z 00435380 f   PSINS.obj
 0001:000343e0       ?mul@@YAXAAVCVect3@@ABV1@ABN@Z 004353e0 f   PSINS.obj
 0001:00034430       ?mul@@YAXAAVCMat3@@ABV1@ABN@Z 00435430 f   PSINS.obj
 0001:000344f0       ?mul@@YAXAAVCVect@@ABV1@ABN@Z 004354f0 f   PSINS.obj
 0001:00034580       ?mul@@YAXAAVCVect@@ABVCMat@@ABV1@@Z 00435580 f   PSINS.obj
 0001:00034660       ?mul@@YAXAAVCMat@@ABV1@ABN@Z 00435660 f   PSINS.obj
 0001:000346f0       ?mul@@YAXAAVCVect3@@ABVCMat3@@ABV1@@Z 004356f0 f   PSINS.obj
 0001:000347a0       ?mul@@YAXAAVCVect3@@ABV1@ABVCMat3@@@Z 004357a0 f   PSINS.obj
 0001:00034850       ?mul@@YAXAAVCMat3@@ABV1@1@Z 00435850 f   PSINS.obj
 0001:00034a50       ?mul@@YAXAAVCQuat@@ABV1@1@Z 00435a50 f   PSINS.obj
 0001:00034b80       ?mul@@YAXAAVCVect3@@ABVCQuat@@ABV1@@Z 00435b80 f   PSINS.obj
 0001:00034ce0       ?_TT@@YAXAAVCMat3@@ABV1@@Z 00435ce0 f   PSINS.obj
 0001:00034da0       ?rv2q@@YAXAAVCQuat@@ABVCVect3@@@Z 00435da0 f   PSINS.obj
 0001:00034ec0       ?qdelphi@@YAXAAVCQuat@@ABVCVect3@@@Z 00435ec0 f   PSINS.obj
 0001:00034fe0       ?q2mat@@YAXAAVCMat3@@ABVCQuat@@@Z 00435fe0 f   PSINS.obj
 0001:00035120       ?m2att@@YAXAAVCVect3@@ABVCMat3@@@Z 00436120 f   PSINS.obj
 0001:000352b0       _asinf                     004362b0 f i PSINS.obj
 0001:000352f0       _atan2f                    004362f0 f i PSINS.obj
 0001:00035340       ?AXbt@@YAXAAVCVect3@@ABVCMat3@@ABV1@2ABN@Z 00436340 f   PSINS.obj
 0001:00035430       ?sizedisp@@YAXH@Z          00436430 f   PSINS.obj
 0001:00035550       ?Demo_User@@YAXXZ          00436550 f   PSINS_Demo.obj
 0001:00035970       ?Demo_CIIRV3@@YAXXZ        00436970 f   PSINS_Demo.obj
 0001:00035b50       ?Demo_CMaxMin@@YAXXZ       00436b50 f   PSINS_Demo.obj
 0001:00035cc0       ?Demo_CVAR@@YAXXZ          00436cc0 f   PSINS_Demo.obj
 0001:00035e10       ?Demo_CVARn@@YAXXZ         00436e10 f   PSINS_Demo.obj
 0001:00035f80       ?Demo_CRAvar@@YAXXZ        00436f80 f   PSINS_Demo.obj
 0001:00036110       ?Demo_CSINS_static@@YAXXZ  00437110 f   PSINS_Demo.obj
 0001:00036480       ?Demo_CAlignsv@@YAXXZ      00437480 f   PSINS_Demo.obj
 0001:00036640       ??0CFileIMU6@@QAE@PBD@Z    00437640 f i PSINS_Demo.obj
 0001:000368e0       ??1CFileIMU6@@QAE@XZ       004378e0 f i PSINS_Demo.obj
 0001:00036920       ?Demo_CAligntf@@YAXXZ      00437920 f   PSINS_Demo.obj
 0001:00036be0       ?load@CFileIMU6@@QAEHHH@Z  00437be0 f i PSINS_Demo.obj
 0001:00036cf0       ?Demo_CAlign_CSINS@@YAXXZ  00437cf0 f   PSINS_Demo.obj
 0001:00036f80       ?Demo_CSINSGNSS@@YAXXZ     00437f80 f   PSINS_Demo.obj
 0001:00037490       ??0CFileIMUGNSS@@QAE@PBD@Z 00438490 f i PSINS_Demo.obj
 0001:00037690       ?load@CFileIMUGNSS@@QAEHH@Z 00438690 f i PSINS_Demo.obj
 0001:00037700       ??1CFileIMUGNSS@@QAE@XZ    00438700 f i PSINS_Demo.obj
 0001:00037740       ?Demo_CSINSGNSSDR@@YAXXZ   00438740 f   PSINS_Demo.obj
 0001:00037a20       ??0CFileRdSr49@@QAE@PBD@Z  00438a20 f i PSINS_Demo.obj
 0001:00037b20       ?load@CFileRdSr49@@QAEHH@Z 00438b20 f i PSINS_Demo.obj
 0001:00037ce0       ?waitforgps@CFileRdSr49@@QAEHXZ 00438ce0 f i PSINS_Demo.obj
 0001:00037d50       ??0DataSensor49@@QAE@XZ    00438d50 f i PSINS_Demo.obj
 0001:00037de0       ??1CFileRdSr49@@QAE@XZ     00438de0 f i PSINS_Demo.obj
 0001:00037e20       ?Demo_SINSOD@@YAXXZ        00438e20 f   PSINS_Demo.obj
 0001:000380b0       ?Demo_POS618@@YAXXZ        004390b0 f   PSINS_Demo.obj
 0001:000381c0       ?Demo_CNS_PrecNut@@YAXXZ   004391c0 f   PSINS_Demo.obj
 0001:000383a0       ?Demo_SINSCNS@@YAXXZ       004393a0 f   PSINS_Demo.obj
 0001:000386f0       ?Demo_IMUTempCompensate@@YAXXZ 004396f0 f   PSINS_Demo.obj
 0001:000387e0       ?Demo_CVCFileFind@@YAXXZ   004397e0 f   PSINS_Demo.obj
 0001:00038800       ?Demo_DSP_main@@YAXXZ      00439800 f   PSINS_Demo.obj
 0001:00038820       ?Demo_CONSOLE_UART@@YAXXZ  00439820 f   PSINS_Demo.obj
 0001:00038840       ?Demo_Cfg@@YAXXZ           00439840 f   PSINS_Demo.obj
 0001:00038a40       ?Demo_CPolyfit@@YAXXZ      00439a40 f   PSINS_Demo.obj
 0001:00038cb0       ?Demo_CAligni0@@YAXXZ      00439cb0 f   PSINS_Demo.obj
 0001:00038f70       ?Demo_SysClbt@@YAXXZ       00439f70 f   PSINS_Demo.obj
 0001:00039270       ??0CFileIMUClbt@@QAE@PBDAAVCIMU@@@Z 0043a270 f i PSINS_Demo.obj
 0001:00039330       ?load@CFileIMUClbt@@QAEHH@Z 0043a330 f i PSINS_Demo.obj
 0001:00039380       ?aligni0@CFileIMUClbt@@QAE?AVCVect3@@HAAV2@@Z 0043a380 f i PSINS_Demo.obj
 0001:00039590       ??1CFileIMUClbt@@QAE@XZ    0043a590 f i PSINS_Demo.obj
 0001:000395d0       ?Demo_GKP@@YAXXZ           0043a5d0 f   PSINS_Demo.obj
 0001:000397b0       ?Demo_CIMUInc@@YAXXZ       0043a7b0 f   PSINS_Demo.obj
 0001:00039930       ?Demo_Extract_Txt_File@@YAXXZ 0043a930 f   PSINS_Demo.obj
 0001:00039ab0       ?Demo_operator_pointer_run_time@@YAXXZ 0043aab0 f   PSINS_Demo.obj
 0001:00039d00       ?getRegKeyValues@@YA_NV?$basic_string@DU?$char_traits@D@std@@V?$allocator@D@2@@std@@AAV?$list@V?$basic_string@DU?$char_traits@D@std@@V?$allocator@D@2@@std@@V?$allocator@V?$basic_string@DU?$char_traits@D@std@@V?$allocator@D@2@@std@@@2@@2@@Z 0043ad00 f   SerialPort.obj
 0001:0003a010       ??0CSerialPort@itas109@@QAE@XZ 0043b010 f   SerialPort.obj
 0001:0003a160       ??1CSerialPort@itas109@@UAE@XZ 0043b160 f   SerialPort.obj
 0001:0003a250       ?InitPort@CSerialPort@itas109@@QAEHPAUHWND__@@IIDIIKIKKKKK@Z 0043b250 f   SerialPort.obj
 0001:0003a7f0       ?CommThread@CSerialPort@itas109@@KGKPAX@Z 0043b7f0 f   SerialPort.obj
 0001:0003ac50       ?StartMonitoring@CSerialPort@itas109@@QAEHXZ 0043bc50 f   SerialPort.obj
 0001:0003acc0       ?ResumeMonitoring@CSerialPort@itas109@@QAEHXZ 0043bcc0 f   SerialPort.obj
 0001:0003ad10       ?SuspendMonitoring@CSerialPort@itas109@@QAEHXZ 0043bd10 f   SerialPort.obj
 0001:0003ad60       ?IsThreadSuspend@CSerialPort@itas109@@QAEHPAX@Z 0043bd60 f   SerialPort.obj
 0001:0003add0       ?ProcessErrorMessage@CSerialPort@itas109@@IAEXPAD@Z 0043bdd0 f   SerialPort.obj
 0001:0003ae90       ?WriteChar@CSerialPort@itas109@@KAXPAV12@@Z 0043be90 f   SerialPort.obj
 0001:0003b1c0       ?ReceiveChar@CSerialPort@itas109@@KAXPAV12@@Z 0043c1c0 f   SerialPort.obj
 0001:0003b480       ?ReceiveStr@CSerialPort@itas109@@KAXPAV12@@Z 0043c480 f   SerialPort.obj
 0001:0003b780       ?GetDCB@CSerialPort@itas109@@QAE?AU_DCB@@XZ 0043c780 f   SerialPort.obj
 0001:0003b7c0       ?GetCommEvents@CSerialPort@itas109@@QAEKXZ 0043c7c0 f   SerialPort.obj
 0001:0003b7f0       ?GetWriteBufferSize@CSerialPort@itas109@@QAEKXZ 0043c7f0 f   SerialPort.obj
 0001:0003b820       ?IsOpened@CSerialPort@itas109@@QAEHXZ 0043c820 f   SerialPort.obj
 0001:0003b860       ?ClosePort@CSerialPort@itas109@@QAEXXZ 0043c860 f   SerialPort.obj
 0001:0003ba20       ?WriteToPort@CSerialPort@itas109@@QAEXPADI@Z 0043ca20 f   SerialPort.obj
 0001:0003bb10       ?WriteToPort@CSerialPort@itas109@@QAEXPAEI@Z 0043cb10 f   SerialPort.obj
 0001:0003bc00       ?GetVersion@CSerialPort@itas109@@QAE?AV?$basic_string@DU?$char_traits@D@std@@V?$allocator@D@2@@std@@XZ 0043cc00 f   SerialPort.obj
 0001:0003bca0       ??0CSerialPortInfo@itas109@@QAE@XZ 0043cca0 f   SerialPort.obj
 0001:0003bcd0       ??1CSerialPortInfo@itas109@@QAE@XZ 0043ccd0 f   SerialPort.obj
 0001:0003bd00       ?availablePorts@CSerialPortInfo@itas109@@SA?AV?$list@V?$basic_string@DU?$char_traits@D@std@@V?$allocator@D@2@@std@@V?$allocator@V?$basic_string@DU?$char_traits@D@std@@V?$allocator@D@2@@std@@@2@@std@@XZ 0043cd00 f   SerialPort.obj
 0001:0003bdd0       ??0?$basic_string@DU?$char_traits@D@std@@V?$allocator@D@2@@std@@QAE@ABV?$allocator@D@1@@Z 0043cdd0 f i SerialPort.obj
 0001:0003be20       ??0?$basic_string@DU?$char_traits@D@std@@V?$allocator@D@2@@std@@QAE@ABV01@@Z 0043ce20 f i SerialPort.obj
 0001:0003be80       ??0?$basic_string@DU?$char_traits@D@std@@V?$allocator@D@2@@std@@QAE@PBDABV?$allocator@D@1@@Z 0043ce80 f i SerialPort.obj
 0001:0003bee0       ??1?$basic_string@DU?$char_traits@D@std@@V?$allocator@D@2@@std@@QAE@XZ 0043cee0 f i SerialPort.obj
 0001:0003bf20       ??4?$basic_string@DU?$char_traits@D@std@@V?$allocator@D@2@@std@@QAEAAV01@ABV01@@Z 0043cf20 f i SerialPort.obj
 0001:0003bf60       ?c_str@?$basic_string@DU?$char_traits@D@std@@V?$allocator@D@2@@std@@QBEPBDXZ 0043cf60 f i SerialPort.obj
 0001:0003bfb0       ??0?$list@UserialPortBuffer@@V?$allocator@UserialPortBuffer@@@std@@@std@@QAE@ABV?$allocator@UserialPortBuffer@@@1@@Z 0043cfb0 f i SerialPort.obj
 0001:0003c010       ??1?$list@UserialPortBuffer@@V?$allocator@UserialPortBuffer@@@std@@@std@@QAE@XZ 0043d010 f i SerialPort.obj
 0001:0003c090       ?begin@?$list@UserialPortBuffer@@V?$allocator@UserialPortBuffer@@@std@@@std@@QAE?AViterator@12@XZ 0043d090 f i SerialPort.obj
 0001:0003c0f0       ?end@?$list@UserialPortBuffer@@V?$allocator@UserialPortBuffer@@@std@@@std@@QAE?AViterator@12@XZ 0043d0f0 f i SerialPort.obj
 0001:0003c140       ?size@?$list@UserialPortBuffer@@V?$allocator@UserialPortBuffer@@@std@@@std@@QBEIXZ 0043d140 f i SerialPort.obj
 0001:0003c170       ?push_back@?$list@UserialPortBuffer@@V?$allocator@UserialPortBuffer@@@std@@@std@@QAEXABUserialPortBuffer@@@Z 0043d170 f i SerialPort.obj
 0001:0003c1c0       ?erase@?$list@UserialPortBuffer@@V?$allocator@UserialPortBuffer@@@std@@@std@@QAE?AViterator@12@V312@@Z 0043d1c0 f i SerialPort.obj
 0001:0003c2a0       ??0iterator@?$list@UserialPortBuffer@@V?$allocator@UserialPortBuffer@@@std@@@std@@QAE@XZ 0043d2a0 f i SerialPort.obj
 0001:0003c2e0       ??Diterator@?$list@UserialPortBuffer@@V?$allocator@UserialPortBuffer@@@std@@@std@@QBEAAUserialPortBuffer@@XZ 0043d2e0 f i SerialPort.obj
 0001:0003c320       ??Eiterator@?$list@UserialPortBuffer@@V?$allocator@UserialPortBuffer@@@std@@@std@@QAE?AV012@H@Z 0043d320 f i SerialPort.obj
 0001:0003c370       ??9iterator@?$list@UserialPortBuffer@@V?$allocator@UserialPortBuffer@@@std@@@std@@QBE_NABV012@@Z 0043d370 f i SerialPort.obj
 0001:0003c3c0       ??0?$list@V?$basic_string@DU?$char_traits@D@std@@V?$allocator@D@2@@std@@V?$allocator@V?$basic_string@DU?$char_traits@D@std@@V?$allocator@D@2@@std@@@2@@std@@QAE@ABV?$allocator@V?$basic_string@DU?$char_traits@D@std@@V?$allocator@D@2@@std@@@1@@Z 0043d3c0 f i SerialPort.obj
 0001:0003c420       ??0?$list@V?$basic_string@DU?$char_traits@D@std@@V?$allocator@D@2@@std@@V?$allocator@V?$basic_string@DU?$char_traits@D@std@@V?$allocator@D@2@@std@@@2@@std@@QAE@ABV01@@Z 0043d420 f i SerialPort.obj
 0001:0003c4b0       ??1?$list@V?$basic_string@DU?$char_traits@D@std@@V?$allocator@D@2@@std@@V?$allocator@V?$basic_string@DU?$char_traits@D@std@@V?$allocator@D@2@@std@@@2@@std@@QAE@XZ 0043d4b0 f i SerialPort.obj
 0001:0003c530       ?empty@?$list@V?$basic_string@DU?$char_traits@D@std@@V?$allocator@D@2@@std@@V?$allocator@V?$basic_string@DU?$char_traits@D@std@@V?$allocator@D@2@@std@@@2@@std@@QBE_NXZ 0043d530 f i SerialPort.obj
 0001:0003c570       ?push_back@?$list@V?$basic_string@DU?$char_traits@D@std@@V?$allocator@D@2@@std@@V?$allocator@V?$basic_string@DU?$char_traits@D@std@@V?$allocator@D@2@@std@@@2@@std@@QAEXABV?$basic_string@DU?$char_traits@D@std@@V?$allocator@D@2@@2@@Z 0043d570 f i SerialPort.obj
 0001:0003c5c0       ?clear@?$list@V?$basic_string@DU?$char_traits@D@std@@V?$allocator@D@2@@std@@V?$allocator@V?$basic_string@DU?$char_traits@D@std@@V?$allocator@D@2@@std@@@2@@std@@QAEXXZ 0043d5c0 f i SerialPort.obj
 0001:0003c620       ?assign@?$basic_string@DU?$char_traits@D@std@@V?$allocator@D@2@@std@@QAEAAV12@ABV12@@Z 0043d620 f i SerialPort.obj
 0001:0003c670       ?assign@?$basic_string@DU?$char_traits@D@std@@V?$allocator@D@2@@std@@QAEAAV12@ABV12@II@Z 0043d670 f i SerialPort.obj
 0001:0003c7f0       ?copy@?$char_traits@D@std@@SAPADPADPBDI@Z 0043d7f0 f i SerialPort.obj
 0001:0003c830       ?size@?$basic_string@DU?$char_traits@D@std@@V?$allocator@D@2@@std@@QBEIXZ 0043d830 f i SerialPort.obj
 0001:0003c860       ?assign@?$basic_string@DU?$char_traits@D@std@@V?$allocator@D@2@@std@@QAEAAV12@PBD@Z 0043d860 f i SerialPort.obj
 0001:0003c8b0       ?length@?$char_traits@D@std@@SAIPBD@Z 0043d8b0 f i SerialPort.obj
 0001:0003c8f0       ?_Nullstr@?$basic_string@DU?$char_traits@D@std@@V?$allocator@D@2@@std@@CAPBDXZ 0043d8f0 f i SerialPort.obj
 0001:0003c920       ?_Tidy@?$basic_string@DU?$char_traits@D@std@@V?$allocator@D@2@@std@@AAEX_N@Z 0043d920 f i SerialPort.obj
 0001:0003ca00       ?insert@?$list@UserialPortBuffer@@V?$allocator@UserialPortBuffer@@@std@@@std@@QAE?AViterator@12@V312@ABUserialPortBuffer@@@Z 0043da00 f i SerialPort.obj
 0001:0003cae0       ?erase@?$list@UserialPortBuffer@@V?$allocator@UserialPortBuffer@@@std@@@std@@QAE?AViterator@12@V312@0@Z 0043dae0 f i SerialPort.obj
 0001:0003cb50       ?_Buynode@?$list@UserialPortBuffer@@V?$allocator@UserialPortBuffer@@@std@@@std@@IAEPAU_Node@12@PAU312@0@Z 0043db50 f i SerialPort.obj
 0001:0003cbe0       ?_Freenode@?$list@UserialPortBuffer@@V?$allocator@UserialPortBuffer@@@std@@@std@@IAEXPAU_Node@12@@Z 0043dbe0 f i SerialPort.obj
 0001:0003cc20       ?_Next@_Acc@?$list@UserialPortBuffer@@V?$allocator@UserialPortBuffer@@@std@@@std@@SAAAPAU_Node@23@PAU423@@Z 0043dc20 f i SerialPort.obj
 0001:0003cc50       ?_Prev@_Acc@?$list@UserialPortBuffer@@V?$allocator@UserialPortBuffer@@@std@@@std@@SAAAPAU_Node@23@PAU423@@Z 0043dc50 f i SerialPort.obj
 0001:0003cc80       ?_Value@_Acc@?$list@UserialPortBuffer@@V?$allocator@UserialPortBuffer@@@std@@@std@@SAAAUserialPortBuffer@@PAU_Node@23@@Z 0043dc80 f i SerialPort.obj
 0001:0003ccb0       ?destroy@?$allocator@UserialPortBuffer@@@std@@QAEXPAUserialPortBuffer@@@Z 0043dcb0 f i SerialPort.obj
 0001:0003ccf0       ??0const_iterator@?$list@UserialPortBuffer@@V?$allocator@UserialPortBuffer@@@std@@@std@@QAE@XZ 0043dcf0 f i SerialPort.obj
 0001:0003cd20       ?_Mynode@const_iterator@?$list@UserialPortBuffer@@V?$allocator@UserialPortBuffer@@@std@@@std@@QBEPAU_Node@23@XZ 0043dd20 f i SerialPort.obj
 0001:0003cd50       ??0iterator@?$list@UserialPortBuffer@@V?$allocator@UserialPortBuffer@@@std@@@std@@QAE@PAU_Node@12@@Z 0043dd50 f i SerialPort.obj
 0001:0003cd90       ??Eiterator@?$list@UserialPortBuffer@@V?$allocator@UserialPortBuffer@@@std@@@std@@QAEAAV012@XZ 0043dd90 f i SerialPort.obj
 0001:0003cde0       ??8iterator@?$list@UserialPortBuffer@@V?$allocator@UserialPortBuffer@@@std@@@std@@QBE_NABV012@@Z 0043dde0 f i SerialPort.obj
 0001:0003ce20       ?begin@?$list@V?$basic_string@DU?$char_traits@D@std@@V?$allocator@D@2@@std@@V?$allocator@V?$basic_string@DU?$char_traits@D@std@@V?$allocator@D@2@@std@@@2@@std@@QAE?AViterator@12@XZ 0043de20 f i SerialPort.obj
 0001:0003ce80       ?begin@?$list@V?$basic_string@DU?$char_traits@D@std@@V?$allocator@D@2@@std@@V?$allocator@V?$basic_string@DU?$char_traits@D@std@@V?$allocator@D@2@@std@@@2@@std@@QBE?AVconst_iterator@12@XZ 0043de80 f i SerialPort.obj
 0001:0003cee0       ?end@?$list@V?$basic_string@DU?$char_traits@D@std@@V?$allocator@D@2@@std@@V?$allocator@V?$basic_string@DU?$char_traits@D@std@@V?$allocator@D@2@@std@@@2@@std@@QAE?AViterator@12@XZ 0043dee0 f i SerialPort.obj
 0001:0003cf30       ??0CSerialPort@itas109@@QAE@ABV01@@Z 0043df30 f i SerialPort.obj
 0001:0003d0c0       ??0?$list@UserialPortBuffer@@V?$allocator@UserialPortBuffer@@@std@@@std@@QAE@ABV01@@Z 0043e0c0 f i SerialPort.obj
 0001:0003d150       ?begin@?$list@UserialPortBuffer@@V?$allocator@UserialPortBuffer@@@std@@@std@@QBE?AVconst_iterator@12@XZ 0043e150 f i SerialPort.obj
 0001:0003d1b0       ?end@?$list@UserialPortBuffer@@V?$allocator@UserialPortBuffer@@@std@@@std@@QBE?AVconst_iterator@12@XZ 0043e1b0 f i SerialPort.obj
 0001:0003d200       ?insert@?$list@UserialPortBuffer@@V?$allocator@UserialPortBuffer@@@std@@@std@@QAEXViterator@12@Vconst_iterator@12@1@Z 0043e200 f i SerialPort.obj
 0001:0003d270       ??Dconst_iterator@?$list@UserialPortBuffer@@V?$allocator@UserialPortBuffer@@@std@@@std@@QBEABUserialPortBuffer@@XZ 0043e270 f i SerialPort.obj
 0001:0003d2b0       ??Econst_iterator@?$list@UserialPortBuffer@@V?$allocator@UserialPortBuffer@@@std@@@std@@QAEAAV012@XZ 0043e2b0 f i SerialPort.obj
 0001:0003d300       ??9const_iterator@?$list@UserialPortBuffer@@V?$allocator@UserialPortBuffer@@@std@@@std@@QBE_NABV012@@Z 0043e300 f i SerialPort.obj
 0001:0003d350       ?end@?$list@V?$basic_string@DU?$char_traits@D@std@@V?$allocator@D@2@@std@@V?$allocator@V?$basic_string@DU?$char_traits@D@std@@V?$allocator@D@2@@std@@@2@@std@@QBE?AVconst_iterator@12@XZ 0043e350 f i SerialPort.obj
 0001:0003d3a0       ?size@?$list@V?$basic_string@DU?$char_traits@D@std@@V?$allocator@D@2@@std@@V?$allocator@V?$basic_string@DU?$char_traits@D@std@@V?$allocator@D@2@@std@@@2@@std@@QBEIXZ 0043e3a0 f i SerialPort.obj
 0001:0003d3d0       ?insert@?$list@V?$basic_string@DU?$char_traits@D@std@@V?$allocator@D@2@@std@@V?$allocator@V?$basic_string@DU?$char_traits@D@std@@V?$allocator@D@2@@std@@@2@@std@@QAE?AViterator@12@V312@ABV?$basic_string@DU?$char_traits@D@std@@V?$allocator@D@2@@2@@Z 0043e3d0 f i SerialPort.obj
 0001:0003d4b0       ??4CSerialPort@itas109@@QAEAAV01@ABV01@@Z 0043e4b0 f i SerialPort.obj
 0001:0003d650       ??4?$list@UserialPortBuffer@@V?$allocator@UserialPortBuffer@@@std@@@std@@QAEAAV01@ABV01@@Z 0043e650 f i SerialPort.obj
 0001:0003d760       ?insert@?$list@V?$basic_string@DU?$char_traits@D@std@@V?$allocator@D@2@@std@@V?$allocator@V?$basic_string@DU?$char_traits@D@std@@V?$allocator@D@2@@std@@@2@@std@@QAEXViterator@12@Vconst_iterator@12@1@Z 0043e760 f i SerialPort.obj
 0001:0003d7d0       ?erase@?$list@V?$basic_string@DU?$char_traits@D@std@@V?$allocator@D@2@@std@@V?$allocator@V?$basic_string@DU?$char_traits@D@std@@V?$allocator@D@2@@std@@@2@@std@@QAE?AViterator@12@V312@0@Z 0043e7d0 f i SerialPort.obj
 0001:0003d840       ?_Buynode@?$list@V?$basic_string@DU?$char_traits@D@std@@V?$allocator@D@2@@std@@V?$allocator@V?$basic_string@DU?$char_traits@D@std@@V?$allocator@D@2@@std@@@2@@std@@IAEPAU_Node@12@PAU312@0@Z 0043e840 f i SerialPort.obj
 0001:0003d8d0       ?_Freenode@?$list@V?$basic_string@DU?$char_traits@D@std@@V?$allocator@D@2@@std@@V?$allocator@V?$basic_string@DU?$char_traits@D@std@@V?$allocator@D@2@@std@@@2@@std@@IAEXPAU_Node@12@@Z 0043e8d0 f i SerialPort.obj
 0001:0003d910       ??_GCSerialPort@itas109@@UAEPAXI@Z 0043e910 f i SerialPort.obj
 0001:0003d970       ?assign@?$basic_string@DU?$char_traits@D@std@@V?$allocator@D@2@@std@@QAEAAV12@PBDI@Z 0043e970 f i SerialPort.obj
 0001:0003d9e0       ??_ECSerialPort@itas109@@UAEPAXI@Z 0043e9e0 f i SerialPort.obj
 0001:0003da80       ?erase@?$basic_string@DU?$char_traits@D@std@@V?$allocator@D@2@@std@@QAEAAV12@II@Z 0043ea80 f i SerialPort.obj
 0001:0003db50       ?move@?$char_traits@D@std@@SAPADPADPBDI@Z 0043eb50 f i SerialPort.obj
 0001:0003db90       ??4CSerialPortInfo@itas109@@QAEAAV01@ABV01@@Z 0043eb90 f i SerialPort.obj
 0001:0003dbd0       ?capacity@?$basic_string@DU?$char_traits@D@std@@V?$allocator@D@2@@std@@QBEIXZ 0043ebd0 f i SerialPort.obj
 0001:0003dc00       ?_Eos@?$basic_string@DU?$char_traits@D@std@@V?$allocator@D@2@@std@@AAEXI@Z 0043ec00 f i SerialPort.obj
 0001:0003dc60       ?assign@?$char_traits@D@std@@SAXAADABD@Z 0043ec60 f i SerialPort.obj
 0001:0003dc90       ?_Grow@?$basic_string@DU?$char_traits@D@std@@V?$allocator@D@2@@std@@AAE_NI_N@Z 0043ec90 f i SerialPort.obj
 0001:0003ddf0       ?_Refcnt@?$basic_string@DU?$char_traits@D@std@@V?$allocator@D@2@@std@@AAEAAEPBD@Z 0043edf0 f i SerialPort.obj
 0001:0003de20       ?deallocate@?$allocator@D@std@@QAEXPAXI@Z 0043ee20 f i SerialPort.obj
 0001:0003de60       ?_Charalloc@?$allocator@UserialPortBuffer@@@std@@QAEPADI@Z 0043ee60 f i SerialPort.obj
 0001:0003dea0       ?deallocate@?$allocator@UserialPortBuffer@@@std@@QAEXPAXI@Z 0043eea0 f i SerialPort.obj
 0001:0003dee0       ?construct@?$allocator@UserialPortBuffer@@@std@@QAEXPAUserialPortBuffer@@ABU3@@Z 0043eee0 f i SerialPort.obj
 0001:0003df20       ??0const_iterator@?$list@UserialPortBuffer@@V?$allocator@UserialPortBuffer@@@std@@@std@@QAE@PAU_Node@12@@Z 0043ef20 f i SerialPort.obj
 0001:0003df60       ??8const_iterator@?$list@UserialPortBuffer@@V?$allocator@UserialPortBuffer@@@std@@@std@@QBE_NABV012@@Z 0043ef60 f i SerialPort.obj
 0001:0003dfa0       ?erase@?$list@V?$basic_string@DU?$char_traits@D@std@@V?$allocator@D@2@@std@@V?$allocator@V?$basic_string@DU?$char_traits@D@std@@V?$allocator@D@2@@std@@@2@@std@@QAE?AViterator@12@V312@@Z 0043efa0 f i SerialPort.obj
 0001:0003e080       ?_Next@_Acc@?$list@V?$basic_string@DU?$char_traits@D@std@@V?$allocator@D@2@@std@@V?$allocator@V?$basic_string@DU?$char_traits@D@std@@V?$allocator@D@2@@std@@@2@@std@@SAAAPAU_Node@23@PAU423@@Z 0043f080 f i SerialPort.obj
 0001:0003e0b0       ?_Prev@_Acc@?$list@V?$basic_string@DU?$char_traits@D@std@@V?$allocator@D@2@@std@@V?$allocator@V?$basic_string@DU?$char_traits@D@std@@V?$allocator@D@2@@std@@@2@@std@@SAAAPAU_Node@23@PAU423@@Z 0043f0b0 f i SerialPort.obj
 0001:0003e0e0       ?_Value@_Acc@?$list@V?$basic_string@DU?$char_traits@D@std@@V?$allocator@D@2@@std@@V?$allocator@V?$basic_string@DU?$char_traits@D@std@@V?$allocator@D@2@@std@@@2@@std@@SAAAV?$basic_string@DU?$char_traits@D@std@@V?$allocator@D@2@@3@PAU_Node@23@@Z 0043f0e0 f i SerialPort.obj
 0001:0003e110       ?_Charalloc@?$allocator@V?$basic_string@DU?$char_traits@D@std@@V?$allocator@D@2@@std@@@std@@QAEPADI@Z 0043f110 f i SerialPort.obj
 0001:0003e150       ?deallocate@?$allocator@V?$basic_string@DU?$char_traits@D@std@@V?$allocator@D@2@@std@@@std@@QAEXPAXI@Z 0043f150 f i SerialPort.obj
 0001:0003e190       ?construct@?$allocator@V?$basic_string@DU?$char_traits@D@std@@V?$allocator@D@2@@std@@@std@@QAEXPAV?$basic_string@DU?$char_traits@D@std@@V?$allocator@D@2@@2@ABV32@@Z 0043f190 f i SerialPort.obj
 0001:0003e1d0       ??0const_iterator@?$list@V?$basic_string@DU?$char_traits@D@std@@V?$allocator@D@2@@std@@V?$allocator@V?$basic_string@DU?$char_traits@D@std@@V?$allocator@D@2@@std@@@2@@std@@QAE@PAU_Node@12@@Z 0043f1d0 f i SerialPort.obj
 0001:0003e210       ??Dconst_iterator@?$list@V?$basic_string@DU?$char_traits@D@std@@V?$allocator@D@2@@std@@V?$allocator@V?$basic_string@DU?$char_traits@D@std@@V?$allocator@D@2@@std@@@2@@std@@QBEABV?$basic_string@DU?$char_traits@D@std@@V?$allocator@D@2@@2@XZ 0043f210 f i SerialPort.obj
 0001:0003e250       ??Econst_iterator@?$list@V?$basic_string@DU?$char_traits@D@std@@V?$allocator@D@2@@std@@V?$allocator@V?$basic_string@DU?$char_traits@D@std@@V?$allocator@D@2@@std@@@2@@std@@QAEAAV012@XZ 0043f250 f i SerialPort.obj
 0001:0003e2a0       ??9const_iterator@?$list@V?$basic_string@DU?$char_traits@D@std@@V?$allocator@D@2@@std@@V?$allocator@V?$basic_string@DU?$char_traits@D@std@@V?$allocator@D@2@@std@@@2@@std@@QBE_NABV012@@Z 0043f2a0 f i SerialPort.obj
 0001:0003e2f0       ?_Mynode@const_iterator@?$list@V?$basic_string@DU?$char_traits@D@std@@V?$allocator@D@2@@std@@V?$allocator@V?$basic_string@DU?$char_traits@D@std@@V?$allocator@D@2@@std@@@2@@std@@QBEPAU_Node@23@XZ 0043f2f0 f i SerialPort.obj
 0001:0003e320       ??0iterator@?$list@V?$basic_string@DU?$char_traits@D@std@@V?$allocator@D@2@@std@@V?$allocator@V?$basic_string@DU?$char_traits@D@std@@V?$allocator@D@2@@std@@@2@@std@@QAE@PAU_Node@12@@Z 0043f320 f i SerialPort.obj
 0001:0003e360       ??Eiterator@?$list@V?$basic_string@DU?$char_traits@D@std@@V?$allocator@D@2@@std@@V?$allocator@V?$basic_string@DU?$char_traits@D@std@@V?$allocator@D@2@@std@@@2@@std@@QAE?AV012@H@Z 0043f360 f i SerialPort.obj
 0001:0003e3b0       ??9iterator@?$list@V?$basic_string@DU?$char_traits@D@std@@V?$allocator@D@2@@std@@V?$allocator@V?$basic_string@DU?$char_traits@D@std@@V?$allocator@D@2@@std@@@2@@std@@QBE_NABV012@@Z 0043f3b0 f i SerialPort.obj
 0001:0003e400       ?max_size@?$basic_string@DU?$char_traits@D@std@@V?$allocator@D@2@@std@@QBEIXZ 0043f400 f i SerialPort.obj
 0001:0003e460       ?_Copy@?$basic_string@DU?$char_traits@D@std@@V?$allocator@D@2@@std@@AAEXI@Z 0043f460 f i SerialPort.obj
 0001:0003e5c0       ?_Split@?$basic_string@DU?$char_traits@D@std@@V?$allocator@D@2@@std@@AAEXXZ 0043f5c0 f i SerialPort.obj
 0001:0003e650       ?destroy@?$allocator@V?$basic_string@DU?$char_traits@D@std@@V?$allocator@D@2@@std@@@std@@QAEXPAV?$basic_string@DU?$char_traits@D@std@@V?$allocator@D@2@@2@@Z 0043f650 f i SerialPort.obj
 0001:0003e690       ??8const_iterator@?$list@V?$basic_string@DU?$char_traits@D@std@@V?$allocator@D@2@@std@@V?$allocator@V?$basic_string@DU?$char_traits@D@std@@V?$allocator@D@2@@std@@@2@@std@@QBE_NABV012@@Z 0043f690 f i SerialPort.obj
 0001:0003e6d0       ??Eiterator@?$list@V?$basic_string@DU?$char_traits@D@std@@V?$allocator@D@2@@std@@V?$allocator@V?$basic_string@DU?$char_traits@D@std@@V?$allocator@D@2@@std@@@2@@std@@QAEAAV012@XZ 0043f6d0 f i SerialPort.obj
 0001:0003e720       ??8iterator@?$list@V?$basic_string@DU?$char_traits@D@std@@V?$allocator@D@2@@std@@V?$allocator@V?$basic_string@DU?$char_traits@D@std@@V?$allocator@D@2@@std@@@2@@std@@QBE_NABV012@@Z 0043f720 f i SerialPort.obj
 0001:0003e760       ?allocate@?$allocator@D@std@@QAEPADIPBX@Z 0043f760 f i SerialPort.obj
 0001:0003e7a0       ?max_size@?$allocator@D@std@@QBEIXZ 0043f7a0 f i SerialPort.obj
[...]
FIXUPS: 44ae3 c 166e 14 16 14 19 19 a 1c fffffc1c ffffdfe6 36 27 23 20
FIXUPS: 43ebe 2f 1c 69 28 5f 54 21 128 1e 1b 34 3e 52 38 3c 21 1b 1f49
FIXUPS: 4630b 47 fffffb6f 1e d 19 16 14 2c 1b 17 27 16 16 14 c 1d 16 15
FIXUPS: 4605e 14 11 14 16 14 f e 1e 20 16 15 c4d 35 6b 12 29 43 5a 3d 33
FIXUPS: 46fb8 38 1c 1a 18 17 fffff895 ffffff54 fffffee1 e f 10 a 5 5 25
FIXUPS: 46794 17 10 22 9 27 9 b3d 2e 18 18 7a 63 34 47 1e d 2f 15 11 1d
FIXUPS: 475c7 14 26 19d 18 19 19 a fffff11c 28 19f 20 57 14 32 64 140 2a
FIXUPS: 481b4 b9 31 1e 2a 1b 131 25 123 1e 30 75 32 22 26 14 170 55 53
FIXUPS: 47830 21 7e c8 33 49 fffff766 10b 2a 18 38 16 2b 2201 d a 13 16
FIXUPS: 49593 28 14 15 14 7 17 6b 20 fffff300 35 18 a6 10 fffff089 34 24
FIXUPS: 47c50 67 133 18 21 34 30 a8 e2 d5 d47 3f 25 b2 65 ce 36 12 38 4c
FIXUPS: 49173 16 f 17 37 19 92 18 20 62 a f3 12 24 f 1f 12 1e 26 f 1c 12
FIXUPS: 4ab21 c fffff28f 3d 49 132 31 fffffdb3 1f 7 10 fffffe9c 5e 7 fffffead
FIXUPS: 497cb 38 78 fffffeb4 22 fffff37a 32 92 3f 6a 15 31 51 ba 3c 27
FIXUPS: 48e23 3501 ffffe9b6 1c3 17 fffff167 1d 53 1d 2b 2c c 3a e 11 2f
FIXUPS: 4a1d7 c 3e e 11 182 1d8 1ac 2b 33 1b6 f4 27 36 44 c 10 21c1 fffffe95
FIXUPS: 4cbba fffffed3 3a ffffff09 1b c 10 29 2a fffffec1 45 fffffd3d a
FIXUPS: 4bd96 4b 15d 19 18 c 25 15 3b 5b 52 6c c7 53 66 53 25 2144 4a 3d
FIXUPS: 4e542 6c 62 20 77 27 70 46 31 35 44 35 1c 147 8a 32 24 f ffffea9a
FIXUPS: 4d186 2a 2a 227 fffff9f7 13 dd 23f fffffaf9 82 a1b 19 a4 1aa 1d
FIXUPS: 4da59 1de 32 97 1f 58 a8 28 33 43 64 46 41 12 2f 4d 23 10 70 24
FIXUPS: 4e157 46 2f c1 24 e5 39 1716 40 14 59 14 3f 6b fffffaa5 2f 80 36
FIXUPS: 4f57f 2a 29 3b 51 fffffe63 fffffd83 1ae fffffb5e 108 10 3e 54 4b
FIXUPS: 4f16d fffffadd 2a3 ffffe709 2d 47 4a 283e 6ef 192 19 de0 7e5 236
FIXUPS: 520a1 9e a3 102 119 ffffd958 1b 64 fffffebb 19 38 1d fffffb6a 17
FIXUPS: 4f8af 30 18 3f c 13 70 10 5c 62 37 42d1 fffffd2b a a fffffd1b 98
FIXUPS: 53983 fffff628 23 5 111 43 107 4a 12 5 25e 35 35 1e8 fffff83a fffffbc0
FIXUPS: 52bef 7f 24 62 38 61 18 28 ffffd0c6 23 4c5e 13 22 fffffe07 36 28
FIXUPS: 549cd 29 26 17 12 1c fffffcda ffffff70 d 11 2f 25 fffffdfa 50 c
FIXUPS: 545cd fffffa21 18 11b 21 4b 5d 17 b5 fffff92e 182 23e5 30 10 30
FIXUPS: 561cb fffff74a a7 fffffa75 21 21 24 2a 23 fffffd00 1c 77 3a 59
FIXUPS: 5531f 17 1d 14 13 14 1a 19 fffffcd3 4a 94 2b fffff903 56 1b3a 44
FIXUPS: 566bf fffffe4d 2a 44 4b ffffff11 fffffe19 29 ffffffa0 17 fffff815
FIXUPS: 55b25 8c 14 26f 19 1c 13 2a 3a 10 13 16 26 1e 41 93 20 68 82 16ff
FIXUPS: 5785a 1d 11 15 15 fffffabc 37 fffffc5f 2bf 2d 2f fffffaff 29 19
FIXUPS: 56e8c fffffd2e 85 69 33 8c 34 fffffd06 72 13 24 17 fffffda9 14
FIXUPS: 5688e 2b fffffd4d 2371 fffffc80 1d fffffe7b fffffb63 48 141 52
FIXUPS: 58202 140 fffffb7c 5f fffffbaa 4d 40 40 43 4d 40 43 50 50 4d 65
FIXUPS: 57e59 fffffb20 fffffadb 2a0 5a 34 37 60 234a ffffff4b fffffba4
FIXUPS: 59695 33 24 bd 2d 9b 32 43 c 10 c fffff35c 14d eb 1c8 8c 152 6d
FIXUPS: 594ed 13 fffff1f7 21 35 35 13a c 10 c 27 21fc 19 42 3c a7 19 28
FIXUPS: 5ac92 21 fffff822 19 d9 13f 9e fffff9e4 70 4f 1df fffffa1f a7 fffffc9d
FIXUPS: 59bfc 1c 1f 49 11 71 5f 1d c 47 fffffd4f fffa78a9 ba 13 5a2fb 1a
FIXUPS: 5b7be 28 30 30 fffffd65 13 2b c 2a 50 c 2b 3d c 3a fffffe06 fffff8c7
FIXUPS: 5a8a4 45 29 3a 40 3e 33 4b 59 5a fffa6e4c 12 1a 59f94 c c b fffa60e7
FIXUPS: 1a1e 4e 15 1c 25 21 59e51 b fffa61d8 1a 30 b b b b 10 fffff492
FIXUPS: 1048 3f b8 d3 bd 85 45 29f 7 7 7 7 5 7 7 7 7 7 7 7 7 7 7 7 f 15
FIXUPS: 16e3 14 31 39 c 38 ca 2a 44 7 12 2b 17 3499a 13 36 13 120 12 12
FIXUPS: 36484 12 12 12 12 12 12 12 12 17 a d fffcb03c 4b a a a a a a a
FIXUPS: 1619 a 7 7 33281 be 34 42 39 21 1f e 1c 49 93 30 2d 4a 2a 13 2d
FIXUPS: 34ceb 30 b6f 1b8 3ff 19 15 48 25 d ef 19e 7c 89 22 ffffd917 1e
FIXUPS: 33be5 2c 15 16 10 1e a d 21 10 85 7 7 7 7 7 7 7 d 366 9d 3a8 10
FIXUPS: 346cb 1e 2c 16 11c 1c 3f ffffef45 3c 14 14 19 d 43 19 1c 16 16
FIXUPS: 3392b 16 16 26 a 13 10 46 18 18 17 18 18 17 28 41 1f 19 10 43 28
FIXUPS: 32fbf 4f ac 9 43 30 80 13 30 e e 29 9 13 45 e e 15 10 3d 5c 17
FIXUPS: 333a7 b8 ae af 85 50 1f 31 27 c9 fffff130 1e 1d 24 b 86 24 35 c0
FIXUPS: 32b54 2f 2e 1a 19 35 1a 26 40 1a 3a 10 121 2e 23 26 9 3c 28c2b
FIXUPS: 5bb11 fffd742f 26 13 fffff1b0 1e 3d 42 43 c 26 20 24 29 21 30 e
FIXUPS: 3236d 9 13 44 12 1f 1f 1f f2 c4 f5 31 1f 31 2a 6f 67 3a 30 fffff11a
FIXUPS: 31a27 1d 1c 31 e e 19 13 30 e e 29 9 13 45 e e 15 10 3b b0 a7 9c
FIXUPS: 31e90 a7 4b 1f 31 27 a5 45 fffff521 30 10 a 2b 51 7 7 d 40 22 1b
FIXUPS: 31783 18 a 7 7 1b 16 13 25 13 35 ab 19 17 7 7 7 7 1f 48 fffff7e8
FIXUPS: 311b1 c 2f 2a 3c 1f 16 19 43 10 49 af 23 4d 7 10 7 4b 7 10 7 18
FIXUPS: 3151b d 10 3e d 10 10 a 4a fffff74b e 10 31 b b b b b e e e e e
FIXUPS: 30e44 e e c 10 4c b4 65 d 10 10 5d 4a 20 4c 27 13 48 fffff715 2f
FIXUPS: 308fd e4 19 3d 10 3c a6 10 44 d 10 10 a 40 10 a 7 38 34 b b b b
FIXUPS: 30cb8 e e e e e 36 fffff670 e e 36 e e e e 14 10 40 12d 1f 5c 1e
FIXUPS: 30683 2d 59 d 34 a 10 31 3d c 23 24 7 9 16 2b 2c fffff58c 2f 35
FIXUPS: 2feaf 27 2f 14 18 1a 12c 13 f 15 15 15 93 75 74 13 22 46 1f 36
FIXUPS: 3032f b b b e e e e e fffff3f9 40 28 f 73 2c20e c b fffd3e31 28
FIXUPS: 2f908 2c 32 49 6 f d 47 18 4c 24 2c017 c d c fffd4039 27 17 2bf94
FIXUPS: 5baf2 fffd409b 1fc fffff174 10 df 19 5e 2c 15 1d 75 10 2da 15 4a
FIXUPS: 2f48d e 23 29 3d 5e 2c4e3 c fffd3b5e 22 3c 19 c 3b 16 15 27 37
FIXUPS: 2f73f fffff236 35 4b 43 4d 1e 2b 53 1e 2b 51 1e 2e ac 9 11 e 37
FIXUPS: 2ed2f 2cce6 b fffd3373 9 11 e 37 1d 2cc36 b fffd3438 1e 1b fffff565
FIXUPS: 2e440 3f c 1a 17 17 1c 4b 15 1a 58 3c 13 3d 13 3d 13 3d 13 3d 13
FIXUPS: 2e78d 13 3d 13 48 13 4a 27 49 28 fffff470 d 10 ac 15 14 10 57 29
FIXUPS: 2df38 6e 21 1d 15 77 31 45 31 31 29 13 13 7b 1d 15 72 31 20 15
FIXUPS: 2e32f 55 1a fffff530 c 1a 22 10 28 25 d 1f 46 d 10 43 d 10 48 d
FIXUPS: 2dac7 52 d 10 5b d 10 6e d 10 75 f 10 68 34 fffff665 9e 33 34 1b
FIXUPS: 2d50e 1d 1b 1a 1b 1b 1a 16 5a 2b 18 f 17 2e35b b fffd1cf6 16 6f
FIXUPS: 2d7aa c 2f 11 1d 10 32 13 23 fffff5bb 7 1d 42 13 3d 13 3d 13 3d
FIXUPS: 2cfaf 4b 13 4d 13 34 4c 9 1e 34 51 1f 1d 41 27 2a 9 14 29 7a 21
FIXUPS: 2d376 fffff75a 5f 12 54 7 7 d 79 7 7 7 7 7 45 7 7 7 7 7 d 57 7
FIXUPS: 2cd26 7 d 49 13 7f 15 7 7 7 fffff77e 67 3a 3e 13 3d 13 3d 13 3d
FIXUPS: 2c79f 4b 13 4d 13 49 13 dd 7 7 7 7 7 7 15 58 c 7 7 7 d 63 fffff180
FIXUPS: 2bca2 5e 26 23 3c 100 f2 1b3 40 5a 25 7b 30 15 e 1a 26 13 53 25
FIXUPS: 2c3b4 21 e 1d 48 4b 11 10 59 2a 76 fffff028 1f 13 29 1c 31 18 32
FIXUPS: 2b6e3 2a 18 32 1c 2a 20 10 75 15 13 42 19 3b 73 27 13 15 1d 2a
FIXUPS: 2ba37 2d 20 11f fffff1d9 38 3a 18 18 e e e 10 58 33 d 144 27 d
FIXUPS: 2b1c4 1c4 27 a 35 6 46 30 a 45 30 a 36 2a 37 c 20 fffff329 1c 24
FIXUPS: 2a947 a 7 38 c5 1d 29 41 4b 1e 24 28 a 7 2b 25 16 d a 38 55 19
FIXUPS: 2ace1 26 10 a 7 d 2e fffff401 18 2f 1f 3a e e e e 16 10 e4 128
FIXUPS: 2a490 65 10 24 19 b8 2a 25 a 7 32 f0 36 2e 23 1c 25 36 28 fffff302
FIXUPS: 29bba 22 40 a d a 7 28 2b 32 10 75 ad 56 7 138 a d a 22 3c 14 8
FIXUPS: 2a062 1f 43 25 23 f 12 25 fffff4c5 b3 d 65 e e e e e e e e e 10
FIXUPS: 29824 27 16 61 a 25 2b 2a 5d 72 10 9c 13 13 35 1b 33 a fffff371
FIXUPS: 28f46 ff 4c 59 38 10 57 2b 28 33 d 27 7 2d 13 b7 63 22 30 12 12
FIXUPS: 29456 f d 47 9 d 8b 56 7 1e fffff347 13 7 36 16 2f d 19 d 25 b7
FIXUPS: 28ad9 30 3b 16 37 16 36 16 31 16 1c c3 19 31 37 10 31 10 1c 4e
FIXUPS: 28e8d ffffef4c 1f d1 ab f0 22 19 23 1b 1b 1c 25 421 5b 77 46 1e
FIXUPS: 2869e 27 10 bd 1b 13 7 32 16 22 19 27 25 4f 30 ffffee23 4a 30 33
FIXUPS: 27818 a 32 16 2d 13 16 3b 19 28 2a 2b 34 39 43 44 b 8 8 63 4e 89
FIXUPS: 27bf9 f5 6a e b 55 ffffef1c 1c 10 48 c d 247 13 9 c 20 1d a ce
FIXUPS: 27156 4c d0 11 16 10 2d2 22 27 7 32 26 7 39 1d 2f 4c 33 fffff3e8
FIXUPS: 26b24 e e e e e e e e e e e e e e e e e e e e e e e e e e e e e
FIXUPS: 26cce fffffc1a e e e e e e e 14 14 1d c 10 61 e e e e e e e e e
FIXUPS: 26a98 e e e e e e e e fffffc20 e e e e e e e e e e e e e e e e
FIXUPS: 26816 e e e e e e e e e e e e e e fffffc1e e e e e e e e e e e
FIXUPS: 26592 e e e e 14 14 29 a c 10 5b e e e e e e e e e fffffc1e e e
FIXUPS: 26362 e e e e e e e e e e e e e e e e e e e e e e e e e e e e fffffa79
FIXUPS: 25f70 19 7 d 4f d 15 d a 32 21 7 3c 7 d a 16 5f 7 13 21 1e 7 d
FIXUPS: 261d0 d a 42 99 5a e fffff4ed 17 16 32 3f 10 2dc 96 b b b b b e
FIXUPS: 25c8a e e 36 72 10 36 4a 65 36 7 16 38 7 28 7 f 10 fffff5b0 10
FIXUPS: 254f3 3a 7 39 a 7 1c 1f 2c 13 13 b 6c 18 18 15 16 16 14 30 a 29
FIXUPS: 25774 d a 1c 16 17 16 17 fffff7e6 c 30 26 26 7 7 27 19 18 e 2b
FIXUPS: 2512c 2e 7 c 15 15 15 15 18 17 4c 27 27 1c 54 de 6a 14 10 57 fffff2d7
FIXUPS: 247a3 50 3ac 24 2d 2d 37 1a 19 c 98 c 45 42 42 7 3a 10 1e a 1a
FIXUPS: 24ec1 1d 1d c 30 1d 1d c 30 1d fffff18e 15 15 f d1 3d 69 4a 25
FIXUPS: 2437e 33 28 7 ea 2f 59 c 29 c 1c 1c 5b 1c 1d 16 2f 25 7 35 a 16
FIXUPS: 2472c ffffec41 e e e e e e e e 15 3f0 595 10 3c 10 26 23 23 27
FIXUPS: 23e93 30 2d 2d 30 2d 2d 30 25 69 33 67 4d ffffefe5 90 b b e e e
FIXUPS: 2320f e e e e e e e e e e e e e e e e e e e e e e e e fffff12a
FIXUPS: 224e6 5e 2de 1f 4b 41 10 47 3c 41 10 47 3f e e e e e e e e 6c 6b
FIXUPS: 22b8e 59 44 18 43 415 73 7 ffffe7be 72 66 67 8 21 51 23 24 8 d
FIXUPS: 21b5a 4a 4a 4a 4a 4d 22 40 10 73 37 1af 9b 28 5e af 2c 1e2 1f aa
FIXUPS: 2245d fffff019 1f 2d 26 10 38 12 7 20 1a 22 30 2a 10 37 12 7 22
FIXUPS: 216e9 2f f 3a 2f f 3a 32 f 1b 21 44 13 13 fffff6ba 31 d 3b d 71
FIXUPS: 2109f a 19 43 4c 34 1c 25 12 6e a d 3e 10 3d 37 43 38 1b 24 7 7
FIXUPS: 21411 10 36 8 fffff499 18 10 33 26 18 38 1b 1f 16 d 16 10 45 2e
FIXUPS: 20ac9 19 4b 67 4d 34 25 28 10 2f 19 45 19 41 b1 bc 81 ffffef3e
FIXUPS: 1fe98 13 16 22 10 224 38 1c 30 2c 7 7 5c 62 8 50 13 41 20 1a 27
FIXUPS: 203bc 10 43 113 11c 10e a5 75 38 31 ffffecf0 32 b7 c8 bd 81 b8
FIXUPS: 1f9a1 31 2c 20 27 a 10 34 d 71 2e a 19 43 ec d 51 6a 1e 31 47 31
FIXUPS: 1fe2a 25 26 fffff43e 7 7 7 7 7 7 7 7 7 7 7 d 34 e e e 19 6b e e
FIXUPS: 1f419 88 17 17 12 1f 1c 12 1b 1b 19 fffff714 7 16 80 a d 10 6d
FIXUPS: 1ee7b d0 34 61 26 f 26 f 1d 12 27 10 19 f 1f 52 2e 10 10 8c 74
FIXUPS: 1f29e 7 7 fffff26d e e 19 77 e e e e e e e e e e e e e e 71 73
FIXUPS: 1e77a 4e 41 2b 24 ff 1b 5f d 44 22c fffff569 1a 1e 17 2b 2b 27
FIXUPS: 1e2b2 1d 10 50 25 13 13 29 16 30 16 16 25 37 e e e e e e e e e
FIXUPS: 1e4fd e fffff734 38 31 27 a2 16 42 a4 f 12 25 19 10 23 10 10 42
FIXUPS: 1df8f a 19 4b 10 60 21 d 47 2c 1a 1e 15 21 13 fffff389 18 10 31
FIXUPS: 1d57f e e e 19 73 e e e e 5c 24 19 a 13 11 16 12 20 43 17 12 35
FIXUPS: 1d895 d1 e7 d8 8c fffff1ba 12 31 10 4f 26 18 10 42 c3 c6 80 63
FIXUPS: 1d141 31 c3 16 4e 2b 26 d 4a 13 19 22 85 1c 19 21 10 42 26 fffff34a
FIXUPS: 1c85a 70 34 3a 18 56 28 2a 8c 2c 11 55 67 7f 10 8 10 10 14 1c 12
FIXUPS: 1cc90 3ed37 b fffc12ef e e 19 39 e e fffff068 44 9 cd ca e 7e 51
FIXUPS: 1c0ac 31 2a 15 10 3d 13 19 a6 58 137 87 12 3a 18 34 13 19 19 b4
FIXUPS: 1c757 77 36 12 fffff04c 2a c d 55 1f 30 1f 2d 59 28 c 2f 69 5a
FIXUPS: 1bb29 30 3b 30 65 24 20 3fd1a d e e c fffc02cd 4f 10 9a 12 fffff584
FIXUPS: 1b34a 47 1e b 39 22 2f 22 42 46 40467 b b c fffbfbdf 47 47 47 47
FIXUPS: 1b6b9 29 2f 13 13 3a 13 13 3a 13 13 57 fffff570 38 1f 25 10 7 7
FIXUPS: 1ae5f 7 7 7 7 7 10 60 29 34 33 16 85 7d 7f 3f 36 29 28 29 10 29
FIXUPS: 1b24f 5a 61 fffff3ce 16 17 3a 1b 1e 24 1f 1f 65 47 2c 1d 41 19
FIXUPS: 1aa39 1d 17d 3a 58 53 20 5b 34 1f 7 7 7 7 7 7 7 fffff482 10 1d
FIXUPS: 1a298 45 2b 2a 10 13 18 10 13 44 16 36 39 38 b8 10 13 16 13 27
FIXUPS: 1a5e7 2b 13 16 13 18 24 1f 1f ffffef34 1b 19 21 177 198 d5 33 19e
FIXUPS: 19c33 11 2c 10 16 29 11 15 10 1d 1d 42 4b e 12 1b4 3b 10 16 2d
FIXUPS: 1a1d5 3e 10 ffffec87 7 d 64 29 54 34 33 3d 32 31 3d 80 27 85 8a
FIXUPS: 19324 10 31 e e e 44 33 2f 10 74 32 9 43 2e 78 fffff2ee 1a 1e 13
FIXUPS: 18945 1a 1e 17 33 2c 33 d a0 17 a9 17 122 45 22 46 1e 1a 10 aa
FIXUPS: 18e72 7 7 7 7 7 7 7 fffff130 335 10 56 19 2a 1f 16 13 16 24 22
FIXUPS: 1846b 10 4b 3f 1f 1a 18 17 18 18 75 e4 18 30 15 2b a5 1c 22 3b
FIXUPS: 1717e 157 15f 169 154 c0 15d 45 38 31 2a 151 16 40 2c 15 13 2c
FIXUPS: 17c26 22 19 18 2f 40 43 22 44 b b 201 15 b ffffe595 19 33 e e d6
FIXUPS: 166ba 1f 1f 1f 1f 3f 19 11 10 3c 1f 12 2d 155 168 154 c1 15c 45
FIXUPS: 16ef4 31 2a 3f d 3f 41 ffffee8b 31 7 41 38 f 16 19 f 10 3c 17 26
FIXUPS: 16070 17 26 1c 38 17 24 28 2b 2a 2e 2f 33 35 10 14 10 28f e ffffe905
FIXUPS: 14e61 100 3d 39 233 53 2c 14 1b 1ed 8a 61 dc 35 95 1c 2b 1fe db
FIXUPS: 15ca2 26 5b 23 f 34 3b 2e 17 4e 19 2f ffffeae0 44 10 2e e e e e
FIXUPS: 14a47 e e e 21 19 36 e e e e e e e e 21 19 3e 20 61 32 1f ac a7
FIXUPS: 13691 16 f 4a 8 e 33 16 629 6 13 57 71 17c 128 ab 3cb 18 18 22
FIXUPS: 14631 112 35 4c 2c 11 10 da a d 34 39 ffffe6a7 7 24 2e 27 7 26
FIXUPS: 130d2 29 a1 123 d e7 d 19 25 b b 14 8d 22 19 2c 7 26 22 7 52 2c
FIXUPS: 13640 2f f fffff2b3 5a 2e 2e 41 8f 1c 1c 1c 1c 73 57 18 10 5c 26
FIXUPS: 12ccc 33 22 12b 37 40 1b 1b d 3d 1b 1b d 13 25 38 fffff514 e e
FIXUPS: 12534 e e e e e e e e e e e e 16 1c 10 10 1b 63 45 32 30 60 47
FIXUPS: 12822 47 47 2b 28 fffffa09 e e e e e e e e 16 19 39 e e e e e e
FIXUPS: 12446 e e e e e e e e e e e e e fffffb96 46 46 33 33 e e e e e
FIXUPS: 121d8 e e e e e e e e e e e e e e e e e e e e e fffff8a4 3e 18
FIXUPS: 11c13 1a 1b 1b 1a 1b 1b 1a 1b 1b 1f 41 18 1b 1a 1b 1b 1a 1b 1b
FIXUPS: 11e50 1b 1b 1a 1b 1b 22 10e 46 fffff47d 225 18 10 31 d 47 4f 5d
FIXUPS: 11860 64 3a 42 18 1b 1f 3e 18 1b 1a 1b 1b 1f 3e 18 1b 1a 1b 1b
FIXUPS: 11b4d 1b 1b ffffe48e f 26e f 78 f 60 16 2cf 2f e9 11 10 42 1a 5f
FIXUPS: 1087b 10 1ed 59 88 d 3d4 d 15e a6 a3 93 81 3b 10 16f ffffe12c a8
FIXUPS: f6d7 c 3c 19 12 99 9 54 c 22 233 e e e 10 3c e e e 17 3e 44 25
FIXUPS: fc42 1f 18 e 35 285 f ffffdc66 13 32 171 6d 6e 72 6e 50 91 140
FIXUPS: e15b 237 b1 12f d6 2f 10 30 10 30 10 997 20d 9e 86 102 17 19 41
FIXUPS: f55a 4b ffffd88f 7 7 13 10 2f a 7 10 2f a 7 10 16 23 1b 2b 2b 1e
FIXUPS: cfda a 30 1e d a 33 25d 64 94 275 13 43e fffff043 32 6 24 43 7
FIXUPS: cb8d a 13 10 36 a 7 10 2f a 10 3b 14 28 17 13 22 22 1a 10 39 7
FIXUPS: cdbc d 21 43 fffff132 4d 1e 1e d 3e a1 ee 9e 19 71 fc 193 34 96
FIXUPS: c659 34 93 a7 10 30 10 41 97 1a 2c 82 12 80 b 2c 2f ffffda7d 2b
FIXUPS: a629 32 1a5 19 29 13 19 1c 48 10b 1c 32 af af 32 af 1f 32 8f 27f
FIXUPS: aff6 b6 18d 2d b1 67a 7c d0 7e 388 ffffdc5f 8 10 40 10 24 1d 9
FIXUPS: 9c0b 15 ba 1e 16 138 46 26 2d a 7 7 20 76 e2 66 19 25 4b 57 5d
FIXUPS: a270 226 13 ffffe9b4 b b 1d 289 32 22 35 30 b b b 1d 18d 32 22
FIXUPS: 9426 2c 129 3f 4e 1f 45 1c 62 1f 69 1f 31 ff 31 15f ffffef3c 26
FIXUPS: 8a76 9b 39 18 f f 11 27 10 a d 35 36 1b a d 2f 46 21 e 21 11 1f
FIXUPS: 8db5 7 34 a 7 1c 35 fffff45a 1e b 24 24 23 2c 1b 27 b 20 23 3b
FIXUPS: 8444 22 2d 1a 43 61 7 1f 5d 8d 8d 72 77 52 1f bb 21 b 2f fffff329
FIXUPS: 7da4 2e 59 13 13 13 13 13 e 7c 49 1f 3d 15 16 16 16 16 e a4 31
FIXUPS: 811e 16 16 16 16 e 9c 37 d 22 ffffea7e 33 a5 1db a5 c1 1f 184 1c
FIXUPS: 733d 1c 3e 13 5a 6b 56 1f 2d 13 4b 1c d6 81 81 81 81 31 232 1f
FIXUPS: 7b97 1c 2f ffffea69 c b 15 a 15 a 15 c 21 a d 22 3b 46 c 3f 10
FIXUPS: 6819 34 47 22 e 1c 37 38 5a b6 1f 96 1f 34 fffff12c 31 10 1f 34
FIXUPS: 5d57 22 601 19 12 18 14 f 52 d 10 3b 43 1f 1f 1f 1f 1e 1a 1a 1a
FIXUPS: 65cf 29 15 a 15 a ffffeed7 1d 14 51 7 1f 2c f9 3f 1c 37 1f 1f 66
FIXUPS: 582c 35 8 14e 45 28 1f 60 50 2f 68 23 4b 7 1f 39 10 a fffff250
FIXUPS: 4ecc 21 d 1b a d 22 3c ab 2c 29 e 1f 52 18 c 17 2d 31 7 1f 1d4
FIXUPS: 53a9 1f 1f 45 1f 1f 3d d 10 fffff40f 1c 33 8 242 3e 20 6 5d 7 10
FIXUPS: 4c73 4c d 10 a 1f 1f 20 10 e 21 d a 1f 46 26 1b 14 14 d 2c fffff38a
FIXUPS: 4241 16 23 5c 1f 32 10 1f 26 e 42 50 30 e 42 42 42 32 27 29 29
FIXUPS: 45f2 138 6 10 125 12 b 21 13 12 fffff4f0 1f 37 d 1f 4e 11 6 18
FIXUPS: 3ed1 1f 6 f f 19 4e 18 a 2f 56 31 29 13 13 5f 3e 13 13 23 33 1f
FIXUPS: 4216 fffff0e4 1c7 54 10 28 41 189 10 169 1c 64 1c b9 19 13 4b 1f
FIXUPS: 3ab7 d 22 81 1f 33 15 16 16 69 1f 60 15 2e 52 ffffe709 13 30 d
FIXUPS: 2845 1c 64 1c 8c 1c 64 1c be 1c 5a 1c 6c 1c 307 1c 51 1c 13d 1f
FIXUPS: 3104 13 12 b 1c ac cb 2b ffffec0d 2a 5 d 5b d 2b 10 30 d 2e 5 d
FIXUPS: 208e d 33 10 30 d 97 3a d6 22 4e 22 34 22 25 22 14 19 30 387ef
FIXUPS: 3ac5b 7 1a 74 fffc6ed9 d 2c 11 19 25 23 1b 2a d 3b d 2b d 55 2e
FIXUPS: 1dda d 22 d 34 11 24 10 2a d 2c 387ea 10 25 71 1d 51 26 1f 87 52
FIXUPS: 3a926 3b 22 18 4c 28 26 2e 23 f 13 49 a 22 17 8 8 2c 3e 1d 1e b
FIXUPS: 3a268 21bef c c b fffde432 52 21 21b65 b fffde4c8 1a 39 21 36 2e
FIXUPS: 3a46e 16 37 a 36 a 31 7 7 7 13 22 31 d 48 22 fffff8ce 2b 17 12
FIXUPS: 39f64 21ec3 c b fffde150 3e 18 15 19 1f 17 11 26 2f 35 18 1a 38
FIXUPS: 3a17d 24 12 2b 13 21 7 14 f 12 21ba0 fffddc90 15 6c 20 d3 2f 27
FIXUPS: 39c4f 1e 18 1a 22168 b fffddebc 24 13 19 1a f f 3a b5 2a 37 17
FIXUPS: 39ecc 7 7 7 7 7 fffff88b 49 14 a0 8 b 12 28 21 2c 27 7 7 7 7 7
FIXUPS: 39962 7 12 37 27 7 7 7 7 7 7 7 12 1a 223a1 c fffdd5fc 15 19 16
FIXUPS: 39484 f 2c 2c 43 7 c c 3a 34 20 22 1e 22 24 2b 17 f 12 1a 226c9
FIXUPS: 5bdb3 c b fffdd94b 15 12 29 fffff900 f 12 1a 22cb7 c c b fffdd354
FIXUPS: 390ef 21 22 2b 7 10 12 12 1a 22bd5 b fffdd457 11 69 20 13 10 25
FIXUPS: 392db 8c 11 13 33 fffff7d7 55 ec 49 1c 36 b b e e e e 10 32 d 30
FIXUPS: 38e5f 15 19 16 1f 15 3f c 1f 3a 41 29 13 7 24 2b fffff78e 15 4d
FIXUPS: 3884a c 38 47 3f 5a 7 7 7 12 2b 17 f 12 1a 232f5 c c b fffdcd32
FIXUPS: 38a71 4a 1e 15 24 23222 b fffdce08 2b fffff87b 2b 17 f f 12 1a
FIXUPS: 5bca7 c c c b fffdc7f6 15 e 53 5c 52 20 11 5b 23668 b fffdc9c8
FIXUPS: 386ec 35 d 30 21 13 19 16 fffff6fd 21 f 7 2b 17 f 12 1a 23d05 c
FIXUPS: 5bc8f b fffdc304 21 13 19 16 26 49 15 1b 24 c 160 be 3e 28 29 3e
FIXUPS: 383c2 7 fffff691 3a 33 31 30 7 7 7 12 2b 17 f 12 1a 2407b c c b
FIXUPS: 37c07 da 2d 24 13 19 16 2d c 1e 44 51 25 12 23d6c c b fffdba68
FIXUPS: 37697 e e e e c 20 37 43 72 20 46 7 77 24359 b fffdbcd2 d 30 24
FIXUPS: 37977 19 16 1f 60 7 16 c fffff867 7 1b a c b 18 2a 19 63 50 38
FIXUPS: 37458 1a 24765 b fffdb8bc 24 13 19 29 3e 24 21 f 7 2b 17 f 12 1a
FIXUPS: 5bbf7 fffdb2e4 48 7 7 14 12 1a 24c16 c b fffdb400 24 15 16 2c 3b
FIXUPS: 3709f 13 1c 7 17 1a 24ab1 b fffdb56c 24 15 44 3e 24 15 2f 248d6
FIXUPS: 5bb32 fffdb05c 15 18 38 1e 4f 7 7 7 7 17 1a 24e9a b fffdb1ac 15
FIXUPS: 36d2b 3b 24 3b 7 7 17 1a 24d63 b fffdb2dc 15 16 3f 8aeb 1c5d6 e
FIXUPS: 3f9ee d 36 13 13 32 5 d 73 10 ffff6a3b 108 b b 19 2b a2 1a3 46
FIXUPS: 36959 de 15 28 3a 2b 28 7 17 1a 8850 18 34 17 35 2b 56 23 22 4c
FIXUPS: 3f549 1b 2e 17 1c9bd fffe368b 17 1f c d 32 10 72 1a 76 10 d6 10
FIXUPS: 3f8af 38 6d 1f fffff511 10 2e 10 34 10 b1 7 c e b 10 e b 10 c c
FIXUPS: 3f06b c9 10 2e 10 34 10 6e 10 30 1a 37 17 69 10 fffff66e 10 4a
FIXUPS: 3ea33 13 13 13 3d 8 49 1d 15 10 39 10 b4 10 68 a 18 17 21 1a 13
FIXUPS: 3ed5c 15 2f c 25 f 62 10 fffff840 11 11 f 8 c 15 11 d 1b 14 10
FIXUPS: 3e783 c 11 11 f 35 17 f 1a 2e 20 25 18 37 d 2d 13 13 40 1d fffff7c1
FIXUPS: 3e183 17 3e 17 34 c 11 11 f 34 10 30 1a 37 17 3c 17 62 c 12 b e
FIXUPS: 3e439 b 15 c 1b 17 142 64 44 fffff484 17 f 1a 2e 20 25 18 37 d
FIXUPS: 3dcd2 10 93 10 2f 1a 77 e 17 3b e 17 3e 17 128 6d 3b 1c f f b 10
FIXUPS: 3d74a e e 15 20 15 10 f 10 36 10 5d 10 d 2e 10 82 17 28 11 3a 38
FIXUPS: 3da2d 12 b e 11 b 15 c 1b 17 fffff988 1c f f b 10 31 f f f 21 2e
FIXUPS: 3d563 36 f d 30 f f d 3d d 37 a 8 31 e 17 11 9 19 16 fffff920 21
FIXUPS: 3d0b5 e 17 3e 17 6a f d 32 7 c e b 10 e b 10 c c 27 36 10 33 10
FIXUPS: 3d349 18 34 17 43 20 1eb07 fffe0e26 18 19 8 f 15 c 1a 1f165 9 17
FIXUPS: 5bf4f fffe0eae 10 40 14 10 3c c 10 3a d 35 d 35 1e 3a 20 36 f f
FIXUPS: 3c8c1 25 23 17 13 1a 1f 29 1f 1f 21 1d 4b 13 1b 14 3f 16 d 4c 13
FIXUPS: 3cb7a 14 3f 16 d 56 13 15 1a 1f26c 17 fffe0322 1e 19 21 31 1c 98
FIXUPS: 3c3ba f 39 16 16 31 15 5a 1f 1e 19 20 3c 33 1c 98 50 f 39 16 16
FIXUPS: 3c758 1f 111 1a fffff4af 3b 20 16 67 15 1f 16 10 35 1f 2b 8 15
FIXUPS: 3bf39 9 15 e 3b 29 1c 9f 50 f 30 16 21 23 18 1b 10 5e fffff52f
FIXUPS: 3b752 18 1b 16 15 ae 21 1c 9f 50 19 20 2f 60 47 25 e 22 1c 14 e
FIXUPS: 3bb63 34 34 37 37 50 25 41 12 3e fffff4c4 16 15 17 20c95 b fffdf3b3
FIXUPS: 3b2bb b 33 19 4d 1c 28 1f 1c 5c 90 28 22 52 3a 15 18 19 6f 22 25
FIXUPS: 3b6fd 13 f f fffff5f0 7a 17 1f d 29 63 e 11 9c 1d 28 f f d 2c 1b
FIXUPS: 3afe8 20 20e9c c c b fffdf174 8a 1d 1d 40 10 57 1f 1f
